BL51 BANKED LINKER/LOCATER V5.11              06/11/2009  12:00:44  PAGE 1


BL51 BANKED LINKER/LOCATER V5.11, INVOKED BY:
C:\KEIL\C51\BIN\BL51.EXE E:\MyWork\Mouse\A3433M-A9500_Full_Speed_USB_Corded_Re
>> ference_Design_NRD1101\Souce_Code\Firmware\A3433M_NRD1101_V2_8_Full_Spd\C80
>> 51F347\F3xx_USB0_Descriptor.obj, E:\MyWork\Mouse\A3433M-A9500_Full_Speed_US
>> B_Corded_Reference_Design_NRD1101\Souce_Code\Firmware\A3433M_NRD1101_V2_8_F
>> ull_Spd\C8051F347\F3xx_USB0_InterruptServiceRoutine.obj, E:\MyWork\Mouse\A3
>> 433M-A9500_Full_Speed_USB_Corded_Reference_Design_NRD1101\Souce_Code\Firmwa
>> re\A3433M_NRD1101_V2_8_Full_Spd\C8051F347\STARTUP.obj, E:\MyWork\Mouse\A343
>> 3M-A9500_Full_Speed_USB_Corded_Reference_Design_NRD1101\Souce_Code\Firmware
>> \A3433M_NRD1101_V2_8_Full_Spd\C8051F347\F3xx_USB0_Main.obj, E:\MyWork\Mouse
>> \A3433M-A9500_Full_Speed_USB_Corded_Reference_Design_NRD1101\Souce_Code\Fir
>> mware\A3433M_NRD1101_V2_8_Full_Spd\C8051F347\F3xx_USB0_Standard_Requests.ob
>> j, E:\MyWork\Mouse\A3433M-A9500_Full_Speed_USB_Corded_Reference_Design_NRD1
>> 101\Souce_Code\Firmware\A3433M_NRD1101_V2_8_Full_Spd\C8051F347\F3xx_USB0_Re
>> portHandler.obj, E:\MyWork\Mouse\A3433M-A9500_Full_Speed_USB_Corded_Referen
>> ce_Design_NRD1101\Souce_Code\Firmware\A3433M_NRD1101_V2_8_Full_Spd\C8051F34
>> 7\ADNS9500.obj, E:\MyWork\Mouse\A3433M-A9500_Full_Speed_USB_Corded_Referenc
>> e_Design_NRD1101\Souce_Code\Firmware\A3433M_NRD1101_V2_8_Full_Spd\C8051F347
>> \delay.obj, E:\MyWork\Mouse\A3433M-A9500_Full_Speed_USB_Corded_Reference_De
>> sign_NRD1101\Souce_Code\Firmware\A3433M_NRD1101_V2_8_Full_Spd\C8051F347\seq
>> uence.obj, E:\MyWork\Mouse\A3433M-A9500_Full_Speed_USB_Corded_Reference_Des
>> ign_NRD1101\Souce_Code\Firmware\A3433M_NRD1101_V2_8_Full_Spd\C8051F347\spi.
>> obj, E:\MyWork\Mouse\A3433M-A9500_Full_Speed_USB_Corded_Reference_Design_NR
>> D1101\Souce_Code\Firmware\A3433M_NRD1101_V2_8_Full_Spd\C8051F347\timer.obj,
>>  E:\MyWork\Mouse\A3433M-A9500_Full_Speed_USB_Corded_Reference_Design_NRD110
>> 1\Souce_Code\Firmware\A3433M_NRD1101_V2_8_Full_Spd\C8051F347\F340_FlashPrim
>> itives.obj, E:\MyWork\Mouse\A3433M-A9500_Full_Speed_USB_Corded_Reference_De
>> sign_NRD1101\Souce_Code\Firmware\A3433M_NRD1101_V2_8_Full_Spd\C8051F347\F3x
>> x_USB0_Mouse.obj, E:\MyWork\Mouse\A3433M-A9500_Full_Speed_USB_Corded_Refere
>> nce_Design_NRD1101\Souce_Code\Firmware\A3433M_NRD1101_V2_8_Full_Spd\C8051F3
>> 47\crc_check.obj TO E:\MyWork\Mouse\A3433M-A9500_Full_Speed_USB_Corded_Refe
>> rence_Design_NRD1101\Souce_Code\Firmware\A3433M_NRD1101_V2_8_Full_Spd\C8051
>> F347\F320_USB0_Mouse RS (256) PL (68) PW (78)


MEMORY MODEL: LARGE


INPUT MODULES INCLUDED:
  E:\MyWork\Mouse\A3433M-A9500_Full_Speed_USB_Corded_Reference_Design_NRD1101\
>> Souce_Code\Firmware\A3433M_NRD1101_V2_8_Full_Spd\C8051F347\F3xx_USB0_Descri
>> ptor.obj (F3XX_USB0_DESCRIPTOR)
  E:\MyWork\Mouse\A3433M-A9500_Full_Speed_USB_Corded_Reference_Design_NRD1101\
>> Souce_Code\Firmware\A3433M_NRD1101_V2_8_Full_Spd\C8051F347\F3xx_USB0_Interr
>> uptServiceRoutine.obj (F3XX_USB0_INTERRUPTSERVICEROUTINE)
  E:\MyWork\Mouse\A3433M-A9500_Full_Speed_USB_Corded_Reference_Design_NRD1101\
>> Souce_Code\Firmware\A3433M_NRD1101_V2_8_Full_Spd\C8051F347\STARTUP.obj (?C_
>> STARTUP)
  E:\MyWork\Mouse\A3433M-A9500_Full_Speed_USB_Corded_Reference_Design_NRD1101\
>> Souce_Code\Firmware\A3433M_NRD1101_V2_8_Full_Spd\C8051F347\F3xx_USB0_Main.o
>> bj (F3XX_USB0_MAIN)
  E:\MyWork\Mouse\A3433M-A9500_Full_Speed_USB_Corded_Reference_Design_NRD1101\
>> Souce_Code\Firmware\A3433M_NRD1101_V2_8_Full_Spd\C8051F347\F3xx_USB0_Standa
>> rd_Requests.obj (F3XX_USB0_STANDARD_REQUESTS)
  E:\MyWork\Mouse\A3433M-A9500_Full_Speed_USB_Corded_Reference_Design_NRD1101\
>> Souce_Code\Firmware\A3433M_NRD1101_V2_8_Full_Spd\C8051F347\F3xx_USB0_Report
>> Handler.obj (F3XX_USB0_REPORTHANDLER)
  E:\MyWork\Mouse\A3433M-A9500_Full_Speed_USB_Corded_Reference_Design_NRD1101\
>> Souce_Code\Firmware\A3433M_NRD1101_V2_8_Full_Spd\C8051F347\ADNS9500.obj (AD
>> NS9500)
  E:\MyWork\Mouse\A3433M-A9500_Full_Speed_USB_Corded_Reference_Design_NRD1101\
>> Souce_Code\Firmware\A3433M_NRD1101_V2_8_Full_Spd\C8051F347\delay.obj (DELAY
>> )
  E:\MyWork\Mouse\A3433M-A9500_Full_Speed_USB_Corded_Reference_Design_NRD1101\
>> Souce_Code\Firmware\A3433M_NRD1101_V2_8_Full_Spd\C8051F347\sequence.obj (SE
>> QUENCE)
BL51 BANKED LINKER/LOCATER V5.11            06/11/2009  12:00:44  PAGE 2


  E:\MyWork\Mouse\A3433M-A9500_Full_Speed_USB_Corded_Reference_Design_NRD1101\
>> Souce_Code\Firmware\A3433M_NRD1101_V2_8_Full_Spd\C8051F347\spi.obj (SPI)
  E:\MyWork\Mouse\A3433M-A9500_Full_Speed_USB_Corded_Reference_Design_NRD1101\
>> Souce_Code\Firmware\A3433M_NRD1101_V2_8_Full_Spd\C8051F347\timer.obj (TIMER
>> )
  E:\MyWork\Mouse\A3433M-A9500_Full_Speed_USB_Corded_Reference_Design_NRD1101\
>> Souce_Code\Firmware\A3433M_NRD1101_V2_8_Full_Spd\C8051F347\F340_FlashPrimit
>> ives.obj (F340_FLASHPRIMITIVES)
  E:\MyWork\Mouse\A3433M-A9500_Full_Speed_USB_Corded_Reference_Design_NRD1101\
>> Souce_Code\Firmware\A3433M_NRD1101_V2_8_Full_Spd\C8051F347\F3xx_USB0_Mouse.
>> obj (F3XX_USB0_MOUSE)
  E:\MyWork\Mouse\A3433M-A9500_Full_Speed_USB_Corded_Reference_Design_NRD1101\
>> Souce_Code\Firmware\A3433M_NRD1101_V2_8_Full_Spd\C8051F347\crc_check.obj (C
>> RC_CHECK)
  C:\KEIL\C51\LIB\C51L.LIB (?C_INIT)
  C:\KEIL\C51\LIB\C51L.LIB (?C?CLDPTR)
  C:\KEIL\C51\LIB\C51L.LIB (?C?CLDOPTR)
  C:\KEIL\C51\LIB\C51L.LIB (?C?CSTOPTR)
  C:\KEIL\C51\LIB\C51L.LIB (?C?IILDX)
  C:\KEIL\C51\LIB\C51L.LIB (?C?CCASE)
  C:\KEIL\C51\LIB\C51L.LIB (?C?ICALL)
  C:\KEIL\C51\LIB\C51L.LIB (PRINTF)
  C:\KEIL\C51\LIB\C51L.LIB (?C?CSTPTR)
  C:\KEIL\C51\LIB\C51L.LIB (?C?PLDIXDATA)
  C:\KEIL\C51\LIB\C51L.LIB (?C?PSTXDATA)
  C:\KEIL\C51\LIB\C51L.LIB (PUTCHAR)


LINK MAP OF MODULE:  E:\MyWork\Mouse\A3433M-A9500_Full_Speed_USB_Corded_Refere
>> nce_Design_NRD1101\Souce_Code\Firmware\A3433M_NRD1101_V2_8_Full_Spd\C8051F3
>> 47\F320_USB0_Mouse (F3XX_USB0_DESCRIPTOR)


            TYPE    BASE      LENGTH    RELOCATION   SEGMENT NAME
            -----------------------------------------------------

            * * * * * * *   D A T A   M E M O R Y   * * * * * * *
            REG     0000H     0008H     ABSOLUTE     "REG BANK 0"
            DATA    0008H     0006H     UNIT         ?DT?F340_FLASHPRIMITIVES
            DATA    000EH     0005H     UNIT         _DATA_GROUP_
            DATA    0013H     0003H     UNIT         ?DT?ADNS9500
                    0016H     000AH                  *** GAP ***
            DATA    0020H     0004H     BIT_ADDR     ?BA?SEQUENCE
            DATA    0024H     0001H     BIT_ADDR     ?BA?SPI
            BIT     0025H.0   0001H.6   UNIT         ?BI?TIMER
            BIT     0026H.6   0001H.1   UNIT         ?BI?SEQUENCE
            BIT     0027H.7   0001H.1   UNIT         _BIT_GROUP_
            BIT     0029H.0   0000H.1   UNIT         ?BI?SENDPACKET?F3XX_USB0_
>> INTERRUPTSERVICEROUTINE
            BIT     0029H.1   0000H.1   UNIT         ?BI?GET_REPORT?F3XX_USB0_
>> STANDARD_REQUESTS
            BIT     0029H.2   0000H.1   UNIT         ?BI?_FLASH_BYTEWRITE?F340
>> _FLASHPRIMITIVES
            BIT     0029H.3   0000H.1   UNIT         ?BI?_FLASH_BYTEREAD?F340_
>> FLASHPRIMITIVES
            BIT     0029H.4   0000H.1   UNIT         ?BI?_FLASH_PAGEERASE?F340
>> _FLASHPRIMITIVES
                    0029H.5   0000H.3                *** GAP ***
            DATA    002AH     0035H     UNIT         ?DT?SEQUENCE
            DATA    005FH     001CH     UNIT         ?DT?TIMER
            IDATA   007BH     0001H     UNIT         ?STACK

            * * * * * * *  X D A T A   M E M O R Y  * * * * * * *
            XDATA   0000H     01DFH     UNIT         ?XD?SEQUENCE
            XDATA   01DFH     00C9H     UNIT         ?XD?F3XX_USB0_DESCRIPTOR
BL51 BANKED LINKER/LOCATER V5.11            06/11/2009  12:00:44  PAGE 3


            XDATA   02A8H     0031H     UNIT         ?XD?F3XX_USB0_INTERRUPTSE
>> RVICEROUTINE
            XDATA   02D9H     0028H     UNIT         _XDATA_GROUP_
            XDATA   0301H     000AH     UNIT         ?XD?ADNS9500_INIT?ADNS950
>> 0
            XDATA   030BH     000AH     UNIT         ?XD?ADNS9500_CHECK_SEQUEN
>> CE?ADNS9500
            XDATA   0315H     000AH     UNIT         ?XD?ADNS9500_POWER_UP_SEQ
>> UENCE?ADNS9500
            XDATA   031FH     000AH     UNIT         ?XD?ADNS9500_SROM_CHECK?A
>> DNS9500
            XDATA   0329H     0008H     UNIT         ?XD?_FIFO_READ?F3XX_USB0_
>> INTERRUPTSERVICEROUTINE
            XDATA   0331H     0008H     UNIT         ?XD?_FIFO_WRITE_FOREGROUN
>> D?F3XX_USB0_INTERRUPTSERVICEROUTINE
            XDATA   0339H     0008H     UNIT         ?XD?_FIFO_WRITE_INTERRUPT
>> SERVICEROUTINE?F3XX_USB0_INTERRUPTSERVICEROUTINE
            XDATA   0341H     0008H     UNIT         ?XD?F3XX_USB0_REPORTHANDL
>> ER
            XDATA   0349H     0004H     UNIT         ?XD?_SPI_WRITE_EEPROM?SPI
>> 
            XDATA   034DH     0004H     UNIT         ?XD?_EIGHT_BIT_CRC?CRC_CH
>> ECK
            XDATA   0351H     0003H     UNIT         ?XD?USB_ISR?F3XX_USB0_INT
>> ERRUPTSERVICEROUTINE
            XDATA   0354H     0003H     UNIT         ?XD?_SPI_READ_EEPROM?SPI
            XDATA   0357H     0003H     UNIT         ?XD?_FLASH_BYTEWRITE?F340
>> _FLASHPRIMITIVES
            XDATA   035AH     0003H     UNIT         ?XD?_FLASH_BYTEREAD?F340_
>> FLASHPRIMITIVES
            XDATA   035DH     0002H     UNIT         ?XD?USB_RESUME?F3XX_USB0_
>> INTERRUPTSERVICEROUTINE
            XDATA   035FH     0002H     UNIT         ?XD?HANDLE_OUT1?F3XX_USB0
>> _INTERRUPTSERVICEROUTINE
            XDATA   0361H     0002H     UNIT         ?XD?USB_SUSPEND?F3XX_USB0
>> _INTERRUPTSERVICEROUTINE
            XDATA   0363H     0002H     UNIT         ?XD?_REPORTHANDLER_IN_ISR
>> ?F3XX_USB0_REPORTHANDLER
            XDATA   0365H     0002H     UNIT         ?XD?_REPORTHANDLER_IN_FOR
>> EGROUND?F3XX_USB0_REPORTHANDLER
            XDATA   0367H     0002H     UNIT         ?XD?ANDS9500_SROM_DOWNLOA
>> D?ADNS9500
            XDATA   0369H     0002H     UNIT         ?XD?_SPI_READ_SENSOR?SPI
            XDATA   036BH     0002H     UNIT         ?XD?_SPI_WRITE_SENSOR?SPI
>> 
            XDATA   036DH     0002H     UNIT         ?XD?_FLASH_PAGEERASE?F340
>> _FLASHPRIMITIVES
            XDATA   036FH     0002H     UNIT         ?XD?SYSCLK_INIT?F3XX_USB0
>> _MOUSE
            XDATA   0371H     0001H     UNIT         ?XD?HANDLE_CONTROL?F3XX_U
>> SB0_INTERRUPTSERVICEROUTINE
            XDATA   0372H     0001H     UNIT         ?XD?SENDPACKET?F3XX_USB0_
>> INTERRUPTSERVICEROUTINE
            XDATA   0373H     0001H     UNIT         ?XD?ANDS9500_SROM_LOAD_SE
>> QUENCE?ADNS9500
            XDATA   0374H     0001H     UNIT         ?XD?ADNS9500_LASER_POWER_
>> ENABLE_SEQUENCE?ADNS9500
            XDATA   0375H     0001H     UNIT         ?XD?_DELAY_US?DELAY
            XDATA   0376H     0001H     UNIT         ?XD?_DELAY_MS?DELAY
            XDATA   0377H     0001H     UNIT         ?XD?SEQUENCE11?SEQUENCE
            XDATA   0378H     0001H     UNIT         ?XD?READ_SENSOR_MOTION_RE
>> GISTERS?SEQUENCE
            XDATA   0379H     0001H     UNIT         ?XD?READ_SENSOR_MOTION_BU
>> RST?SEQUENCE
            XDATA   037AH     0001H     UNIT         ?XD?_UPDATE_LED_STATUS?SE
BL51 BANKED LINKER/LOCATER V5.11            06/11/2009  12:00:44  PAGE 4


>> QUENCE
            XDATA   037BH     0001H     UNIT         ?XD?_UPDATE_LED_STATUS_2?
>> SEQUENCE
            XDATA   037CH     0001H     UNIT         ?XD?_LED_BLINK?SEQUENCE
            XDATA   037DH     0001H     UNIT         ?XD?_SPI_TRANSFER?SPI
            XDATA   037EH     0001H     UNIT         ?XD?CRC_CHECK

            * * * * * * *   C O D E   M E M O R Y   * * * * * * *
            CODE    0000H     0009H     ABSOLUTE     
            CODE    0009H     0034H     UNIT         ?PR?_FLASH_BYTEREAD?F340_
>> FLASHPRIMITIVES
            CODE    003DH     0006H     UNIT         ?PR?HANDLE_IN1?F3XX_USB0_
>> INTERRUPTSERVICEROUTINE
            CODE    0043H     0003H     ABSOLUTE     
            CODE    0046H     002AH     UNIT         ?PR?ANDS9500_SROM_LOAD_SE
>> QUENCE?ADNS9500
            CODE    0070H     0001H     UNIT         ?PR?GET_IDLE?F3XX_USB0_ST
>> ANDARD_REQUESTS
            CODE    0071H     0001H     UNIT         ?PR?GET_PROTOCOL?F3XX_USB
>> 0_STANDARD_REQUESTS
            CODE    0072H     0001H     UNIT         ?PR?SET_PROTOCOL?F3XX_USB
>> 0_STANDARD_REQUESTS
            CODE    0073H     0003H     ABSOLUTE     
            CODE    0076H     06C8H     UNIT         ?PR?HANDLE_CONTROL?F3XX_U
>> SB0_INTERRUPTSERVICEROUTINE
            CODE    073EH     0365H     UNIT         ?PR?PRINTF?PRINTF
            CODE    0AA3H     02A3H     UNIT         ?PR?GET_DESCRIPTOR?F3XX_U
>> SB0_STANDARD_REQUESTS
            CODE    0D46H     01F6H     UNIT         ?PR?SEQUENCE1?SEQUENCE
            CODE    0F3CH     019EH     UNIT         ?PR?TIMER3ISR?TIMER
            CODE    10DAH     0135H     UNIT         ?PR?GET_STATUS?F3XX_USB0_
>> STANDARD_REQUESTS
            CODE    120FH     0113H     UNIT         ?PR?SEQUENCE10?SEQUENCE
            CODE    1322H     010AH     UNIT         ?PR?SEQUENCE8?SEQUENCE
            CODE    142CH     00F2H     UNIT         ?PR?_UPDATE_LED_STATUS?SE
>> QUENCE
            CODE    151EH     00F0H     UNIT         ?PR?SEQUENCE12?SEQUENCE
            CODE    160EH     00DEH     UNIT         ?C_INITSEG
            CODE    16ECH     00DCH     UNIT         ?C?LIB_CODE
            CODE    17C8H     00D5H     UNIT         ?PR?GET_REPORT?F3XX_USB0_
>> STANDARD_REQUESTS
            CODE    189DH     00D0H     UNIT         ?PR?SET_REPORT?F3XX_USB0_
>> STANDARD_REQUESTS
            CODE    196DH     00C5H     UNIT         ?PR?ANDS9500_SROM_DOWNLOA
>> D?ADNS9500
            CODE    1A32H     00C4H     UNIT         ?PR?SEQUENCE7?SEQUENCE
            CODE    1AF6H     00B9H     UNIT         ?PR?USB_ISR?F3XX_USB0_INT
>> ERRUPTSERVICEROUTINE
            CODE    1BAFH     00B5H     UNIT         ?PR?ADNS9500_SROM_CHECK?A
>> DNS9500
            CODE    1C64H     00B2H     UNIT         ?PR?SET_FEATURE?F3XX_USB0
>> _STANDARD_REQUESTS
            CODE    1D16H     00ABH     UNIT         ?PR?GET_CONFIGURATION?F3X
>> X_USB0_STANDARD_REQUESTS
            CODE    1DC1H     00A8H     UNIT         ?PR?SET_CONFIGURATION?F3X
>> X_USB0_STANDARD_REQUESTS
            CODE    1E69H     00A7H     UNIT         ?PR?CLEAR_FEATURE?F3XX_US
>> B0_STANDARD_REQUESTS
            CODE    1F10H     009FH     UNIT         ?PR?_SPI_TRANSFER?SPI
            CODE    1FAFH     009CH     UNIT         ?CO?F3XX_USB0_DESCRIPTOR
            CODE    204BH     0099H     UNIT         ?PR?SENDPACKET?F3XX_USB0_
>> INTERRUPTSERVICEROUTINE
            CODE    20E4H     0096H     UNIT         ?PR?_UPDATE_LED_STATUS_2?
>> SEQUENCE
            CODE    217AH     008DH     UNIT         ?PR?SEQUENCE_INIT?SEQUENC
BL51 BANKED LINKER/LOCATER V5.11            06/11/2009  12:00:44  PAGE 5


>> E
            CODE    2207H     008DH     UNIT         ?PR?_LED_BLINK?SEQUENCE
            CODE    2294H     008CH     UNIT         ?C_C51STARTUP
            CODE    2320H     008BH     UNIT         ?PR?SEQUENCE4?SEQUENCE
            CODE    23ABH     008AH     UNIT         ?PR?HANDLE_OUT1?F3XX_USB0
>> _INTERRUPTSERVICEROUTINE
            CODE    2435H     0089H     UNIT         ?PR?GET_INTERFACE?F3XX_US
>> B0_STANDARD_REQUESTS
            CODE    24BEH     0082H     UNIT         ?PR?_FIFO_READ?F3XX_USB0_
>> INTERRUPTSERVICEROUTINE
            CODE    2540H     0082H     UNIT         ?PR?_FIFO_WRITE_FOREGROUN
>> D?F3XX_USB0_INTERRUPTSERVICEROUTINE
            CODE    25C2H     0082H     UNIT         ?PR?_FIFO_WRITE_INTERRUPT
>> SERVICEROUTINE?F3XX_USB0_INTERRUPTSERVICEROUTINE
            CODE    2644H     007CH     UNIT         ?PR?SEQUENCE11?SEQUENCE
            CODE    26C0H     006EH     UNIT         ?PR?SET_ADDRESS?F3XX_USB0
>> _STANDARD_REQUESTS
            CODE    272EH     0068H     UNIT         ?PR?_EIGHT_BIT_CRC?CRC_CH
>> ECK
            CODE    2796H     0064H     UNIT         ?PR?_SPI_WRITE_EEPROM?SPI
>> 
            CODE    27FAH     005FH     UNIT         ?PR?_REPORTHANDLER_IN_ISR
>> ?F3XX_USB0_REPORTHANDLER
            CODE    2859H     005FH     UNIT         ?PR?_REPORTHANDLER_IN_FOR
>> EGROUND?F3XX_USB0_REPORTHANDLER
            CODE    28B8H     005DH     UNIT         ?PR?SEQUENCE?SEQUENCE
            CODE    2915H     005AH     UNIT         ?PR?READ_SENSOR_MOTION_BU
>> RST?SEQUENCE
            CODE    296FH     0053H     UNIT         ?PR?SET_INTERFACE?F3XX_US
>> B0_STANDARD_REQUESTS
            CODE    29C2H     0053H     UNIT         ?PR?SEQUENCE3?SEQUENCE
            CODE    2A15H     0053H     UNIT         ?PR?SEQUENCE5?SEQUENCE
            CODE    2A68H     004FH     UNIT         ?PR?SEQUENCE2?SEQUENCE
            CODE    2AB7H     004DH     UNIT         ?PR?ADNS9500_POWER_UP_SEQ
>> UENCE?ADNS9500
            CODE    2B04H     004BH     UNIT         ?PR?_FLASH_BYTEWRITE?F340
>> _FLASHPRIMITIVES
            CODE    2B4FH     0049H     UNIT         ?PR?DELAY1?DELAY
            CODE    2B98H     0049H     UNIT         ?PR?_SPI_READ_EEPROM?SPI
            CODE    2BE1H     0049H     UNIT         ?PR?USB0_INIT?F3XX_USB0_M
>> OUSE
            CODE    2C2AH     0047H     UNIT         ?PR?ADNS9500_INIT?ADNS950
>> 0
            CODE    2C71H     0045H     UNIT         ?PR?SYSCLK_INIT?F3XX_USB0
>> _MOUSE
            CODE    2CB6H     0041H     UNIT         ?PR?_DELAY_MS?DELAY
            CODE    2CF7H     0041H     UNIT         ?PR?_FLASH_PAGEERASE?F340
>> _FLASHPRIMITIVES
            CODE    2D38H     003FH     UNIT         ?PR?SEQUENCE6?SEQUENCE
            CODE    2D77H     003EH     UNIT         ?PR?SEQUENCE9?SEQUENCE
            CODE    2DB5H     0033H     UNIT         ?PR?READ_SENSOR_MOTION_RE
>> GISTERS?SEQUENCE
            CODE    2DE8H     0030H     UNIT         ?PR?_SPI_WRITE_SENSOR?SPI
>> 
            CODE    2E18H     002EH     UNIT         ?PR?_SPI_READ_SENSOR?SPI
            CODE    2E46H     0027H     UNIT         ?PR?PUTCHAR?PUTCHAR
            CODE    2E6DH     0023H     UNIT         ?PR?USB_RESET?F3XX_USB0_I
>> NTERRUPTSERVICEROUTINE
            CODE    2E90H     0023H     UNIT         ?PR?ADNS9500_CHECK_SEQUEN
>> CE?ADNS9500
            CODE    2EB3H     001DH     UNIT         ?PR?FORCE_STALL?F3XX_USB0
>> _INTERRUPTSERVICEROUTINE
            CODE    2ED0H     001DH     UNIT         ?PR?ADNS9500_LASER_POWER_
>> ENABLE_SEQUENCE?ADNS9500
            CODE    2EEDH     001AH     UNIT         ?PR?ADNS9500_LOAD_RESOLUT
BL51 BANKED LINKER/LOCATER V5.11            06/11/2009  12:00:44  PAGE 6


>> ION?ADNS9500
            CODE    2F07H     0019H     UNIT         ?PR?_DELAY_US?DELAY
            CODE    2F20H     0016H     UNIT         ?PR?SET_IDLE?F3XX_USB0_ST
>> ANDARD_REQUESTS
            CODE    2F36H     0016H     UNIT         ?PR?TIMER3INIT?TIMER
            CODE    2F4CH     0012H     UNIT         ?PR?SPI_INIT?SPI
            CODE    2F5EH     0011H     UNIT         ?PR?TIMER0INIT?TIMER
            CODE    2F6FH     000FH     UNIT         ?PR?USB_RESUME?F3XX_USB0_
>> INTERRUPTSERVICEROUTINE
            CODE    2F7EH     000FH     UNIT         ?PR?USB_SUSPEND?F3XX_USB0
>> _INTERRUPTSERVICEROUTINE
            CODE    2F8DH     000DH     UNIT         ?PR?WDT_ENABLE?SEQUENCE
            CODE    2F9AH     000BH     UNIT         ?PR?MAIN?F3XX_USB0_MAIN
            CODE    2FA5H     000AH     UNIT         ?PR?SYSTEM_INIT?F3XX_USB0
>> _MOUSE
            CODE    2FAFH     0008H     UNIT         ?CO?F3XX_USB0_REPORTHANDL
>> ER
            CODE    2FB7H     0005H     UNIT         ?CO?F3XX_USB0_INTERRUPTSE
>> RVICEROUTINE
            CODE    2FBCH     0004H     UNIT         ?CO?F3XX_USB0_STANDARD_RE
>> QUESTS
            CODE    2FC0H     0004H     UNIT         ?PR?WDT_DISABLE?SEQUENCE
            CODE    2FC4H     0004H     UNIT         ?PR?WTD_RELOAD?SEQUENCE
            CODE    2FC8H     0004H     UNIT         ?PR?PORT_INIT?F3XX_USB0_M
>> OUSE
            CODE    2FCCH     0001H     UNIT         ?PR?IN_REPORT?F3XX_USB0_R
>> EPORTHANDLER
            CODE    2FCDH     0001H     UNIT         ?PR?OUT_REPORT?F3XX_USB0_
>> REPORTHANDLER
                    2FCEH     0832H                  *** GAP ***
            CODE    3800H     0200H     ABSOLUTE     
            CODE    3A00H     0200H     ABSOLUTE     



OVERLAY MAP OF MODULE:   E:\MyWork\Mouse\A3433M-A9500_Full_Speed_USB_Corded_Re
>> ference_Design_NRD1101\Souce_Code\Firmware\A3433M_NRD1101_V2_8_Full_Spd\C80
>> 51F347\F320_USB0_Mouse (F3XX_USB0_DESCRIPTOR)


SEGMENT                                             BIT_GROUP          DATA_GR
>> OUP          XDATA_GROUP
  +--> CALLED SEGMENT                            START    LENGTH     START    
>> LENGTH     START    LENGTH
------------------------------------------------------------------------------
>> --------------------------
?PR?USB_ISR?F3XX_USB0_INTERRUPTSERVIC...         -----    -----      -----    
>> -----      -----    -----
  +--> ?PR?USB_RESUME?F3XX_USB0_INTERRUPTSER...
  +--> ?PR?USB_RESET?F3XX_USB0_INTERRUPTSERV...
  +--> ?PR?HANDLE_CONTROL?F3XX_USB0_INTERRUP...
  +--> ?PR?HANDLE_IN1?F3XX_USB0_INTERRUPTSER...
  +--> ?PR?HANDLE_OUT1?F3XX_USB0_INTERRUPTSE...
  +--> ?PR?USB_SUSPEND?F3XX_USB0_INTERRUPTSE...

?PR?HANDLE_CONTROL?F3XX_USB0_INTERRUP...         -----    -----      -----    
>> -----      -----    -----
  +--> ?PR?_FIFO_READ?F3XX_USB0_INTERRUPTSER...
  +--> ?PR?GET_REPORT?F3XX_USB0_STANDARD_REQ...
  +--> ?PR?SET_REPORT?F3XX_USB0_STANDARD_REQ...
  +--> ?PR?GET_IDLE?F3XX_USB0_STANDARD_REQUESTS
  +--> ?PR?SET_IDLE?F3XX_USB0_STANDARD_REQUESTS
  +--> ?PR?GET_PROTOCOL?F3XX_USB0_STANDARD_R...
  +--> ?PR?SET_PROTOCOL?F3XX_USB0_STANDARD_R...
  +--> ?PR?FORCE_STALL?F3XX_USB0_INTERRUPTSE...
BL51 BANKED LINKER/LOCATER V5.11            06/11/2009  12:00:44  PAGE 7


  +--> ?PR?GET_STATUS?F3XX_USB0_STANDARD_REQ...
  +--> ?PR?CLEAR_FEATURE?F3XX_USB0_STANDARD_...
  +--> ?PR?SET_FEATURE?F3XX_USB0_STANDARD_RE...
  +--> ?PR?SET_ADDRESS?F3XX_USB0_STANDARD_RE...
  +--> ?PR?GET_DESCRIPTOR?F3XX_USB0_STANDARD...
  +--> ?PR?GET_CONFIGURATION?F3XX_USB0_STAND...
  +--> ?PR?SET_CONFIGURATION?F3XX_USB0_STAND...
  +--> ?PR?GET_INTERFACE?F3XX_USB0_STANDARD_...
  +--> ?PR?SET_INTERFACE?F3XX_USB0_STANDARD_...
  +--> ?PR?_FIFO_WRITE_INTERRUPTSERVICEROUTI...
  +--> ?PR?_SPI_WRITE_SENSOR?SPI
  +--> ?PR?_SPI_WRITE_EEPROM?SPI
  +--> ?PR?_UPDATE_LED_STATUS?SEQUENCE
  +--> ?PR?_SPI_READ_SENSOR?SPI
  +--> ?CO?F3XX_USB0_INTERRUPTSERVICEROUTINE
  +--> ?PR?PRINTF?PRINTF
  +--> ?PR?_FLASH_BYTEWRITE?F340_FLASHPRIMIT...
  +--> ?PR?_EIGHT_BIT_CRC?CRC_CHECK
  +--> ?PR?WDT_DISABLE?SEQUENCE
  +--> ?PR?_FLASH_PAGEERASE?F340_FLASHPRIMIT...
  +--> ?PR?WDT_ENABLE?SEQUENCE

?PR?GET_REPORT?F3XX_USB0_STANDARD_REQ...         -----    -----      -----    
>> -----      -----    -----
  +--> ?PR?FORCE_STALL?F3XX_USB0_INTERRUPTSE...

?PR?SET_REPORT?F3XX_USB0_STANDARD_REQ...         -----    -----      -----    
>> -----      -----    -----
  +--> ?PR?FORCE_STALL?F3XX_USB0_INTERRUPTSE...

?PR?GET_STATUS?F3XX_USB0_STANDARD_REQ...         -----    -----      -----    
>> -----      -----    -----
  +--> ?PR?FORCE_STALL?F3XX_USB0_INTERRUPTSE...
  +--> ?CO?F3XX_USB0_STANDARD_REQUESTS

?PR?CLEAR_FEATURE?F3XX_USB0_STANDARD_...         -----    -----      -----    
>> -----      -----    -----
  +--> ?PR?FORCE_STALL?F3XX_USB0_INTERRUPTSE...

?PR?SET_FEATURE?F3XX_USB0_STANDARD_RE...         -----    -----      -----    
>> -----      -----    -----
  +--> ?PR?FORCE_STALL?F3XX_USB0_INTERRUPTSE...

?PR?SET_ADDRESS?F3XX_USB0_STANDARD_RE...         -----    -----      -----    
>> -----      -----    -----
  +--> ?PR?FORCE_STALL?F3XX_USB0_INTERRUPTSE...

?PR?GET_DESCRIPTOR?F3XX_USB0_STANDARD...         -----    -----      -----    
>> -----      -----    -----
  +--> ?CO?F3XX_USB0_DESCRIPTOR
  +--> ?PR?FORCE_STALL?F3XX_USB0_INTERRUPTSE...

?PR?GET_CONFIGURATION?F3XX_USB0_STAND...         -----    -----      -----    
>> -----      -----    -----
  +--> ?PR?FORCE_STALL?F3XX_USB0_INTERRUPTSE...
  +--> ?CO?F3XX_USB0_STANDARD_REQUESTS

?PR?SET_CONFIGURATION?F3XX_USB0_STAND...         -----    -----      -----    
>> -----      -----    -----
  +--> ?PR?FORCE_STALL?F3XX_USB0_INTERRUPTSE...
  +--> ?PR?HANDLE_IN1?F3XX_USB0_INTERRUPTSER...

?PR?GET_INTERFACE?F3XX_USB0_STANDARD_...         -----    -----      -----    
>> -----      -----    -----
  +--> ?PR?FORCE_STALL?F3XX_USB0_INTERRUPTSE...
BL51 BANKED LINKER/LOCATER V5.11            06/11/2009  12:00:44  PAGE 8


  +--> ?CO?F3XX_USB0_STANDARD_REQUESTS

?PR?SET_INTERFACE?F3XX_USB0_STANDARD_...         -----    -----      -----    
>> -----      -----    -----
  +--> ?PR?FORCE_STALL?F3XX_USB0_INTERRUPTSE...

?PR?_SPI_WRITE_SENSOR?SPI                        -----    -----      -----    
>> -----      -----    -----
  +--> ?PR?DELAY1?DELAY
  +--> ?PR?_SPI_TRANSFER?SPI
  +--> ?PR?_DELAY_US?DELAY

?PR?_SPI_TRANSFER?SPI                            -----    -----      -----    
>> -----      -----    -----
  +--> ?PR?DELAY1?DELAY

?PR?_SPI_WRITE_EEPROM?SPI                        -----    -----      -----    
>> -----      -----    -----
  +--> ?PR?DELAY1?DELAY
  +--> ?PR?_SPI_TRANSFER?SPI
  +--> ?PR?_DELAY_US?DELAY

?PR?_SPI_READ_SENSOR?SPI                         -----    -----      -----    
>> -----      -----    -----
  +--> ?PR?DELAY1?DELAY
  +--> ?PR?_SPI_TRANSFER?SPI
  +--> ?PR?_DELAY_US?DELAY

?PR?PRINTF?PRINTF                                0027H.7  0001H.1    000EH    
>> 0005H      02D9H    0028H
  +--> ?PR?PUTCHAR?PUTCHAR

?PR?HANDLE_OUT1?F3XX_USB0_INTERRUPTSE...         -----    -----      -----    
>> -----      -----    -----
  +--> ?PR?_FIFO_READ?F3XX_USB0_INTERRUPTSER...

*** NEW ROOT ***************************************************

?C_C51STARTUP                                    -----    -----      -----    
>> -----      -----    -----
  +--> ?PR?MAIN?F3XX_USB0_MAIN
  +--> ?C_INITSEG

?PR?MAIN?F3XX_USB0_MAIN                          -----    -----      -----    
>> -----      -----    -----
  +--> ?PR?SYSTEM_INIT?F3XX_USB0_MOUSE
  +--> ?PR?SEQUENCE?SEQUENCE

?PR?SYSTEM_INIT?F3XX_USB0_MOUSE                  -----    -----      -----    
>> -----      -----    -----
  +--> ?PR?SYSCLK_INIT?F3XX_USB0_MOUSE
  +--> ?PR?PORT_INIT?F3XX_USB0_MOUSE

?PR?SEQUENCE?SEQUENCE                            -----    -----      -----    
>> -----      -----    -----
  +--> ?PR?SEQUENCE_INIT?SEQUENCE
  +--> ?PR?WDT_ENABLE?SEQUENCE
  +--> ?PR?SEQUENCE1?SEQUENCE
  +--> ?PR?WTD_RELOAD?SEQUENCE
  +--> ?PR?SEQUENCE2?SEQUENCE
  +--> ?PR?SEQUENCE3?SEQUENCE
  +--> ?PR?SEQUENCE4?SEQUENCE
  +--> ?PR?SEQUENCE5?SEQUENCE
  +--> ?PR?SEQUENCE6?SEQUENCE
  +--> ?PR?SEQUENCE7?SEQUENCE
BL51 BANKED LINKER/LOCATER V5.11            06/11/2009  12:00:44  PAGE 9


  +--> ?PR?SEQUENCE8?SEQUENCE
  +--> ?PR?SEQUENCE9?SEQUENCE
  +--> ?PR?SEQUENCE10?SEQUENCE
  +--> ?PR?SEQUENCE11?SEQUENCE
  +--> ?PR?SEQUENCE12?SEQUENCE

?PR?SEQUENCE_INIT?SEQUENCE                       -----    -----      -----    
>> -----      -----    -----
  +--> ?PR?TIMER3INIT?TIMER
  +--> ?PR?SPI_INIT?SPI
  +--> ?PR?ADNS9500_INIT?ADNS9500
  +--> ?PR?USB0_INIT?F3XX_USB0_MOUSE

?PR?ADNS9500_INIT?ADNS9500                       -----    -----      -----    
>> -----      -----    -----
  +--> ?PR?ADNS9500_CHECK_SEQUENCE?ADNS9500
  +--> ?PR?ADNS9500_POWER_UP_SEQUENCE?ADNS9500
  +--> ?PR?ANDS9500_SROM_LOAD_SEQUENCE?ADNS9500
  +--> ?PR?ADNS9500_LOAD_RESOLUTION?ADNS9500
  +--> ?PR?_SPI_READ_SENSOR?SPI

?PR?ADNS9500_CHECK_SEQUENCE?ADNS9500             -----    -----      -----    
>> -----      -----    -----
  +--> ?PR?_SPI_READ_SENSOR?SPI

?PR?ADNS9500_POWER_UP_SEQUENCE?ADNS9500          -----    -----      -----    
>> -----      -----    -----
  +--> ?PR?_SPI_WRITE_SENSOR?SPI
  +--> ?PR?_SPI_READ_SENSOR?SPI

?PR?ANDS9500_SROM_LOAD_SEQUENCE?ADNS9500         -----    -----      -----    
>> -----      -----    -----
  +--> ?PR?_FLASH_BYTEREAD?F340_FLASHPRIMITIVES
  +--> ?PR?ANDS9500_SROM_DOWNLOAD?ADNS9500
  +--> ?PR?ADNS9500_SROM_CHECK?ADNS9500
  +--> ?PR?ADNS9500_LASER_POWER_ENABLE_SEQUE...

?PR?ANDS9500_SROM_DOWNLOAD?ADNS9500              -----    -----      -----    
>> -----      -----    -----
  +--> ?PR?_FLASH_BYTEREAD?F340_FLASHPRIMITIVES
  +--> ?PR?_SPI_WRITE_SENSOR?SPI
  +--> ?PR?_DELAY_US?DELAY
  +--> ?PR?_SPI_TRANSFER?SPI

?PR?ADNS9500_SROM_CHECK?ADNS9500                 -----    -----      -----    
>> -----      -----    -----
  +--> ?PR?_SPI_READ_SENSOR?SPI
  +--> ?PR?_DELAY_US?DELAY
  +--> ?PR?_SPI_WRITE_SENSOR?SPI

?PR?ADNS9500_LASER_POWER_ENABLE_SEQUE...         -----    -----      -----    
>> -----      -----    -----
  +--> ?PR?_SPI_READ_SENSOR?SPI
  +--> ?PR?_SPI_WRITE_SENSOR?SPI

?PR?ADNS9500_LOAD_RESOLUTION?ADNS9500            -----    -----      -----    
>> -----      -----    -----
  +--> ?PR?_SPI_READ_EEPROM?SPI
  +--> ?PR?_SPI_WRITE_SENSOR?SPI
  +--> ?PR?_UPDATE_LED_STATUS?SEQUENCE

?PR?_SPI_READ_EEPROM?SPI                         -----    -----      -----    
>> -----      -----    -----
  +--> ?PR?_SPI_TRANSFER?SPI

BL51 BANKED LINKER/LOCATER V5.11            06/11/2009  12:00:44  PAGE 10


?PR?SEQUENCE1?SEQUENCE                           -----    -----      -----    
>> -----      -----    -----
  +--> ?PR?_SPI_WRITE_SENSOR?SPI
  +--> ?PR?_SPI_READ_SENSOR?SPI
  +--> ?PR?_SPI_TRANSFER?SPI
  +--> ?PR?_DELAY_MS?DELAY
  +--> ?PR?SPI_INIT?SPI
  +--> ?PR?WDT_DISABLE?SEQUENCE
  +--> ?PR?ADNS9500_INIT?ADNS9500
  +--> ?PR?WDT_ENABLE?SEQUENCE
  +--> ?PR?_UPDATE_LED_STATUS?SEQUENCE

?PR?_DELAY_MS?DELAY                              -----    -----      -----    
>> -----      -----    -----
  +--> ?PR?_DELAY_US?DELAY

?PR?SEQUENCE4?SEQUENCE                           -----    -----      -----    
>> -----      -----    -----
  +--> ?PR?_UPDATE_LED_STATUS?SEQUENCE

?PR?SEQUENCE6?SEQUENCE                           -----    -----      -----    
>> -----      -----    -----
  +--> ?PR?READ_SENSOR_MOTION_BURST?SEQUENCE

?PR?READ_SENSOR_MOTION_BURST?SEQUENCE            -----    -----      -----    
>> -----      -----    -----
  +--> ?PR?_SPI_WRITE_SENSOR?SPI
  +--> ?PR?_DELAY_US?DELAY
  +--> ?PR?DELAY1?DELAY
  +--> ?PR?_SPI_TRANSFER?SPI

?PR?SEQUENCE7?SEQUENCE                           -----    -----      -----    
>> -----      -----    -----
  +--> ?PR?SENDPACKET?F3XX_USB0_INTERRUPTSER...

?PR?SENDPACKET?F3XX_USB0_INTERRUPTSER...         -----    -----      -----    
>> -----      -----    -----
  +--> ?PR?_FIFO_WRITE_FOREGROUND?F3XX_USB0_...

?PR?SEQUENCE8?SEQUENCE                           -----    -----      -----    
>> -----      -----    -----
  +--> ?PR?_SPI_WRITE_SENSOR?SPI
  +--> ?PR?_UPDATE_LED_STATUS?SEQUENCE

?PR?SEQUENCE9?SEQUENCE                           -----    -----      -----    
>> -----      -----    -----
  +--> ?PR?_SPI_WRITE_EEPROM?SPI

?PR?SEQUENCE10?SEQUENCE                          -----    -----      -----    
>> -----      -----    -----
  +--> ?PR?_UPDATE_LED_STATUS_2?SEQUENCE
  +--> ?PR?_UPDATE_LED_STATUS?SEQUENCE
  +--> ?PR?_SPI_WRITE_SENSOR?SPI

?PR?_UPDATE_LED_STATUS_2?SEQUENCE                -----    -----      -----    
>> -----      -----    -----
  +--> ?PR?_LED_BLINK?SEQUENCE

?PR?SEQUENCE11?SEQUENCE                          -----    -----      -----    
>> -----      -----    -----
  +--> ?PR?_SPI_READ_SENSOR?SPI
  +--> ?PR?WDT_DISABLE?SEQUENCE
  +--> ?PR?ADNS9500_INIT?ADNS9500
  +--> ?PR?WDT_ENABLE?SEQUENCE

BL51 BANKED LINKER/LOCATER V5.11            06/11/2009  12:00:44  PAGE 11


?PR?SEQUENCE12?SEQUENCE                          -----    -----      -----    
>> -----      -----    -----
  +--> ?PR?WDT_DISABLE?SEQUENCE
  +--> ?PR?_FLASH_PAGEERASE?F340_FLASHPRIMIT...
  +--> ?PR?_FLASH_BYTEREAD?F340_FLASHPRIMITIVES
  +--> ?PR?_FLASH_BYTEWRITE?F340_FLASHPRIMIT...
  +--> ?PR?ADNS9500_INIT?ADNS9500
  +--> ?PR?WDT_ENABLE?SEQUENCE

?C_INITSEG                                       -----    -----      -----    
>> -----      -----    -----
  +--> ?CO?F3XX_USB0_DESCRIPTOR



SYMBOL TABLE OF MODULE:  E:\MyWork\Mouse\A3433M-A9500_Full_Speed_USB_Corded_Re
>> ference_Design_NRD1101\Souce_Code\Firmware\A3433M_NRD1101_V2_8_Full_Spd\C80
>> 51F347\F320_USB0_Mouse (F3XX_USB0_DESCRIPTOR)

  VALUE           TYPE          NAME
  ----------------------------------

  -------         MODULE        F3XX_USB0_DESCRIPTOR
  C:0000H         SYMBOL        _ICE_DUMMY_
  X:01DFH         PUBLIC        HIDREPORTDESC1
  C:2001H         PUBLIC        String0Desc
  C:2005H         PUBLIC        String1Desc
  C:202BH         PUBLIC        String2Desc
  C:1FAFH         PUBLIC        HIDCONFIGDESC
  X:0213H         PUBLIC        DEVICEDESC
  X:0225H         PUBLIC        HIDREPORTDESC
  C:1FD8H         PUBLIC        HIDCONFIGDESC1
  X:029FH         PUBLIC        STRINGDESCTABLE
  -------         ENDMOD        F3XX_USB0_DESCRIPTOR

  -------         MODULE        F3XX_USB0_INTERRUPTSERVICEROUTINE
  C:0000H         SYMBOL        _ICE_DUMMY_
  X:02A8H         PUBLIC        USB0_STATE
  D:0080H         PUBLIC        P0
  C:2F6FH         PUBLIC        Usb_Resume
  D:0090H         PUBLIC        P1
  D:00A0H         PUBLIC        P2
  B:00A8H.7       PUBLIC        EA
  X:02A9H         PUBLIC        Feature_OUT_Report
  C:2E6DH         PUBLIC        Usb_Reset
  X:02B3H         PUBLIC        DATAPTR
  X:02B6H         PUBLIC        SETUP
  C:0076H         PUBLIC        Handle_Control
  C:003DH         PUBLIC        Handle_In1
  C:23ABH         PUBLIC        Handle_Out1
  X:02BEH         PUBLIC        Feature_IN_Report
  X:02C8H         PUBLIC        Feature_report_buffer
  C:24BEH         PUBLIC        _Fifo_Read
  C:25C2H         PUBLIC        _Fifo_Write_InterruptServiceRoutine
  C:2EB3H         PUBLIC        Force_Stall
  C:2540H         PUBLIC        _Fifo_Write_Foreground
  X:02D2H         PUBLIC        DATASENT
  X:02D4H         PUBLIC        DATASIZE
  X:02D6H         PUBLIC        EP_STATUS
  C:204BH         PUBLIC        SendPacket
  C:2F7EH         PUBLIC        Usb_Suspend
  D:0096H         PUBLIC        USB0ADR
  D:0097H         PUBLIC        USB0DAT
  C:1AF6H         PUBLIC        Usb_ISR
  -------         PROC          USB_ISR
BL51 BANKED LINKER/LOCATER V5.11            06/11/2009  12:00:44  PAGE 12


  -------         DO            
  X:0351H         SYMBOL        bCommon
  X:0352H         SYMBOL        bIn
  X:0353H         SYMBOL        bOut
  -------         ENDDO         
  C:1AF6H         LINE#         99
  C:1B13H         LINE#         103
  C:1B26H         LINE#         104
  C:1B39H         LINE#         105
  C:1B4CH         LINE#         106
  C:1B4CH         LINE#         107
  C:1B55H         LINE#         108
  C:1B55H         LINE#         109
  C:1B58H         LINE#         110
  C:1B58H         LINE#         111
  C:1B61H         LINE#         112
  C:1B61H         LINE#         113
  C:1B64H         LINE#         114
  C:1B64H         LINE#         115
  C:1B6DH         LINE#         116
  C:1B6DH         LINE#         117
  C:1B70H         LINE#         118
  C:1B70H         LINE#         119
  C:1B79H         LINE#         120
  C:1B79H         LINE#         121
  C:1B7CH         LINE#         122
  C:1B7CH         LINE#         123
  C:1B85H         LINE#         124
  C:1B85H         LINE#         125
  C:1B88H         LINE#         126
  C:1B88H         LINE#         127
  C:1B91H         LINE#         128
  C:1B91H         LINE#         129
  C:1B94H         LINE#         130
  C:1B94H         LINE#         131
  C:1B94H         LINE#         132
  -------         ENDPROC       USB_ISR
  -------         PROC          USB_RESET
  C:2E6DH         LINE#         150
  C:2E6DH         LINE#         151
  C:2E6DH         LINE#         152
  C:2E73H         LINE#         154
  C:2E7EH         LINE#         157
  C:2E83H         LINE#         158
  C:2E89H         LINE#         159
  C:2E8FH         LINE#         160
  -------         ENDPROC       USB_RESET
  -------         PROC          USB_RESUME
  -------         DO            
  X:035DH         SYMBOL        k
  -------         ENDDO         
  C:2F6FH         LINE#         175
  C:2F6FH         LINE#         176
  C:2F6FH         LINE#         179
  C:2F7DH         LINE#         182
  -------         ENDPROC       USB_RESUME
  -------         PROC          HANDLE_CONTROL
  -------         DO            
  X:0371H         SYMBOL        ControlReg
  -------         ENDDO         
  C:0076H         LINE#         197
  C:0076H         LINE#         198
  C:0076H         LINE#         202
  C:0081H         LINE#         203
  C:0094H         LINE#         205
BL51 BANKED LINKER/LOCATER V5.11            06/11/2009  12:00:44  PAGE 13


  C:009DH         LINE#         207
  C:009DH         LINE#         208
  C:00ACH         LINE#         209
  C:00B1H         LINE#         210
  C:00B1H         LINE#         212
  C:00BAH         LINE#         213
  C:00BAH         LINE#         215
  C:00C5H         LINE#         216
  C:00CBH         LINE#         218
  C:00CBH         LINE#         220
  C:00D4H         LINE#         221
  C:00D4H         LINE#         222
  C:00DFH         LINE#         224
  C:00EAH         LINE#         225
  C:00EFH         LINE#         226
  C:00EFH         LINE#         228
  C:00FAH         LINE#         229
  C:00FAH         LINE#         230
  C:0106H         LINE#         231
  C:0106H         LINE#         234
  C:0115H         LINE#         243
  C:0135H         LINE#         244
  C:0155H         LINE#         245
  C:0175H         LINE#         248
  C:0183H         LINE#         249
  C:01A2H         LINE#         250
  C:01A2H         LINE#         251
  C:01A5H         LINE#         252
  C:01A7H         LINE#         253
  C:01A7H         LINE#         254
  C:01AAH         LINE#         255
  C:01ACH         LINE#         256
  C:01ACH         LINE#         257
  C:01AFH         LINE#         258
  C:01B1H         LINE#         259
  C:01B1H         LINE#         260
  C:01B4H         LINE#         261
  C:01B6H         LINE#         262
  C:01B6H         LINE#         263
  C:01B9H         LINE#         264
  C:01BBH         LINE#         265
  C:01BBH         LINE#         266
  C:01BEH         LINE#         267
  C:01C0H         LINE#         268
  C:01C0H         LINE#         269
  C:01C3H         LINE#         270
  C:01C5H         LINE#         271
  C:01C5H         LINE#         272
  C:01C7H         LINE#         274
  C:01EFH         LINE#         275
  C:01EFH         LINE#         276
  C:01EFH         LINE#         277
  C:01F2H         LINE#         278
  C:01F4H         LINE#         279
  C:01F4H         LINE#         280
  C:01F7H         LINE#         281
  C:01F9H         LINE#         282
  C:01F9H         LINE#         283
  C:01FCH         LINE#         284
  C:01FEH         LINE#         285
  C:01FEH         LINE#         286
  C:0201H         LINE#         287
  C:0203H         LINE#         288
  C:0203H         LINE#         289
  C:0206H         LINE#         290
BL51 BANKED LINKER/LOCATER V5.11            06/11/2009  12:00:44  PAGE 14


  C:0208H         LINE#         291
  C:0208H         LINE#         292
  C:020BH         LINE#         293
  C:020DH         LINE#         294
  C:020DH         LINE#         295
  C:0210H         LINE#         296
  C:0212H         LINE#         297
  C:0212H         LINE#         298
  C:0215H         LINE#         299
  C:0217H         LINE#         300
  C:0217H         LINE#         301
  C:021AH         LINE#         302
  C:021CH         LINE#         303
  C:021CH         LINE#         304
  C:021FH         LINE#         305
  C:021FH         LINE#         306
  C:021FH         LINE#         307
  C:021FH         LINE#         308
  C:021FH         LINE#         310
  C:022CH         LINE#         311
  C:022CH         LINE#         312
  C:0238H         LINE#         313
  C:0238H         LINE#         315
  C:024BH         LINE#         319
  C:0260H         LINE#         320
  C:0260H         LINE#         322
  C:0266H         LINE#         323
  C:0277H         LINE#         324
  C:0277H         LINE#         327
  C:028BH         LINE#         329
  C:0295H         LINE#         331
  C:02A3H         LINE#         333
  C:02B1H         LINE#         334
  C:02B3H         LINE#         336
  C:02B3H         LINE#         339
  C:02CBH         LINE#         340
  C:02D9H         LINE#         341
  C:02DEH         LINE#         342
  C:02DEH         LINE#         343
  C:02F6H         LINE#         344
  C:02F6H         LINE#         348
  C:0304H         LINE#         349
  C:0309H         LINE#         350
  C:0309H         LINE#         352
  C:0318H         LINE#         353
  C:0318H         LINE#         354
  C:0318H         LINE#         355
  C:0318H         LINE#         357
  C:0325H         LINE#         358
  C:0325H         LINE#         360
  C:0338H         LINE#         361
  C:0344H         LINE#         362
  C:0344H         LINE#         363
  C:034AH         LINE#         364
  C:035BH         LINE#         365
  C:035BH         LINE#         366
  C:036FH         LINE#         368
  C:0379H         LINE#         370
  C:0387H         LINE#         372
  C:0395H         LINE#         373
  C:0397H         LINE#         375
  C:0397H         LINE#         377
  C:03AFH         LINE#         379
  C:03BDH         LINE#         380
  C:03C2H         LINE#         381
BL51 BANKED LINKER/LOCATER V5.11            06/11/2009  12:00:44  PAGE 15


  C:03C2H         LINE#         382
  C:03DAH         LINE#         383
  C:03DAH         LINE#         384
  C:03E8H         LINE#         385
  C:03EDH         LINE#         386
  C:03EDH         LINE#         390
  C:0405H         LINE#         391
  C:0405H         LINE#         392
  C:0430H         LINE#         395
  C:0430H         LINE#         396
  C:043DH         LINE#         397
  C:043DH         LINE#         398
  C:047DH         LINE#         399
  C:047DH         LINE#         400
  C:047DH         LINE#         401
  C:0499H         LINE#         402
  C:0499H         LINE#         403
  C:0499H         LINE#         404
  C:04A6H         LINE#         405
  C:04ADH         LINE#         406
  C:04B6H         LINE#         407
  C:04BBH         LINE#         408
  C:04BEH         LINE#         409
  C:04BEH         LINE#         410
  C:04BEH         LINE#         411
  C:04BEH         LINE#         412
  C:04BEH         LINE#         413
  C:04CBH         LINE#         414
  C:04CEH         LINE#         415
  C:04CEH         LINE#         416
  C:04DBH         LINE#         417
  C:04DEH         LINE#         418
  C:04DEH         LINE#         419
  C:04E1H         LINE#         420
  C:04E1H         LINE#         421
  C:04EEH         LINE#         422
  C:04F1H         LINE#         423
  C:04F1H         LINE#         424
  C:04F6H         LINE#         425
  C:04F9H         LINE#         427
  C:04FCH         LINE#         428
  C:04FCH         LINE#         429
  C:0506H         LINE#         430
  C:0509H         LINE#         431
  C:0509H         LINE#         433
  C:050CH         LINE#         434
  C:050CH         LINE#         436
  C:050FH         LINE#         437
  C:050FH         LINE#         439
  C:0512H         LINE#         440
  C:0512H         LINE#         442
  C:0515H         LINE#         443
  C:0515H         LINE#         446
  C:0518H         LINE#         447
  C:0518H         LINE#         448
  C:051EH         LINE#         449
  C:0523H         LINE#         450
  C:0526H         LINE#         452
  C:0526H         LINE#         453
  C:0536H         LINE#         454
  C:0536H         LINE#         455
  C:0536H         LINE#         456
  C:0540H         LINE#         457
  C:0546H         LINE#         458
  C:0549H         LINE#         459
BL51 BANKED LINKER/LOCATER V5.11            06/11/2009  12:00:44  PAGE 16


  C:0549H         LINE#         460
  C:054EH         LINE#         461
  C:0551H         LINE#         462
  C:0551H         LINE#         463
  C:0554H         LINE#         464
  C:0554H         LINE#         465
  C:0564H         LINE#         466
  C:0564H         LINE#         467
  C:0564H         LINE#         468
  C:056EH         LINE#         469
  C:0571H         LINE#         470
  C:0571H         LINE#         471
  C:0576H         LINE#         472
  C:0579H         LINE#         473
  C:0579H         LINE#         474
  C:057CH         LINE#         476
  C:057CH         LINE#         477
  C:0586H         LINE#         478
  C:058CH         LINE#         479
  C:059FH         LINE#         480
  C:059FH         LINE#         481
  C:059FH         LINE#         482
  C:05D6H         LINE#         483
  C:05D9H         LINE#         484
  C:05D9H         LINE#         485
  C:0610H         LINE#         486
  C:0613H         LINE#         487
  C:0613H         LINE#         488
  C:0618H         LINE#         489
  C:061BH         LINE#         490
  C:061BH         LINE#         491
  C:061EH         LINE#         493
  C:061EH         LINE#         494
  C:0636H         LINE#         495
  C:0648H         LINE#         496
  C:0656H         LINE#         497
  C:0659H         LINE#         498
  C:0659H         LINE#         499
  C:0663H         LINE#         500
  C:0666H         LINE#         501
  C:0666H         LINE#         502
  C:0669H         LINE#         503
  C:0670H         LINE#         504
  C:0677H         LINE#         505
  C:067EH         LINE#         506
  C:0685H         LINE#         507
  C:068CH         LINE#         508
  C:0693H         LINE#         509
  C:069AH         LINE#         511
  C:06A2H         LINE#         512
  C:06A7H         LINE#         513
  C:06A9H         LINE#         514
  C:06ABH         LINE#         515
  C:06ABH         LINE#         516
  C:06B7H         LINE#         517
  C:06C0H         LINE#         518
  C:06C0H         LINE#         519
  C:06D0H         LINE#         520
  C:06DCH         LINE#         521
  C:06E8H         LINE#         522
  C:06EAH         LINE#         523
  C:06ECH         LINE#         525
  C:06ECH         LINE#         526
  C:06EFH         LINE#         527
  C:06F1H         LINE#         528
BL51 BANKED LINKER/LOCATER V5.11            06/11/2009  12:00:44  PAGE 17


  C:06F1H         LINE#         529
  C:06F3H         LINE#         531
  C:06F3H         LINE#         532
  C:06F5H         LINE#         533
  C:06F5H         LINE#         534
  C:06F5H         LINE#         535
  C:06F7H         LINE#         536
  C:0722H         LINE#         540
  C:0722H         LINE#         541
  C:0724H         LINE#         543
  C:0724H         LINE#         544
  C:0724H         LINE#         546
  C:073DH         LINE#         547
  C:073DH         LINE#         548
  C:073DH         LINE#         549
  -------         ENDPROC       HANDLE_CONTROL
  -------         PROC          HANDLE_IN1
  C:003DH         LINE#         560
  C:003DH         LINE#         561
  C:003DH         LINE#         562
  C:0042H         LINE#         563
  -------         ENDPROC       HANDLE_IN1
  -------         PROC          HANDLE_OUT1
  -------         DO            
  X:035FH         SYMBOL        Count
  X:0360H         SYMBOL        ControlReg
  -------         ENDDO         
  C:23ABH         LINE#         572
  C:23ABH         LINE#         573
  C:23ABH         LINE#         575
  C:23B0H         LINE#         578
  C:23BBH         LINE#         579
  C:23CEH         LINE#         581
  C:23D7H         LINE#         582
  C:23D7H         LINE#         583
  C:23E2H         LINE#         584
  C:23E3H         LINE#         588
  C:23E3H         LINE#         589
  C:23ECH         LINE#         591
  C:23ECH         LINE#         592
  C:23F7H         LINE#         593
  C:23F7H         LINE#         595
  C:2408H         LINE#         596
  C:240EH         LINE#         598
  C:2427H         LINE#         605
  C:2432H         LINE#         607
  C:2434H         LINE#         609
  C:2434H         LINE#         610
  -------         ENDPROC       HANDLE_OUT1
  -------         PROC          USB_SUSPEND
  -------         DO            
  X:0361H         SYMBOL        k
  -------         ENDDO         
  C:2F7EH         LINE#         617
  C:2F7EH         LINE#         618
  C:2F7EH         LINE#         620
  C:2F8CH         LINE#         621
  -------         ENDPROC       USB_SUSPEND
  -------         PROC          _FIFO_READ
  X:0329H         SYMBOL        addr
  X:032AH         SYMBOL        uNumBytes
  X:032CH         SYMBOL        pData
  -------         DO            
  X:032FH         SYMBOL        i
  -------         ENDDO         
BL51 BANKED LINKER/LOCATER V5.11            06/11/2009  12:00:44  PAGE 18


  C:24BEH         LINE#         636
  C:24D6H         LINE#         638
  C:24D6H         LINE#         641
  C:24E2H         LINE#         642
  C:24E2H         LINE#         643
  C:24E9H         LINE#         644
  C:24ECH         LINE#         648
  C:250BH         LINE#         649
  C:250BH         LINE#         650
  C:2510H         LINE#         651
  C:252CH         LINE#         652
  C:253CH         LINE#         655
  C:253FH         LINE#         656
  C:253FH         LINE#         657
  -------         ENDPROC       _FIFO_READ
  -------         PROC          _FIFO_WRITE_FOREGROUND
  X:0331H         SYMBOL        addr
  X:0332H         SYMBOL        uNumBytes
  X:0334H         SYMBOL        pData
  -------         DO            
  X:0337H         SYMBOL        i
  -------         ENDDO         
  C:2540H         LINE#         676
  C:2558H         LINE#         678
  C:2558H         LINE#         682
  C:2564H         LINE#         683
  C:2564H         LINE#         684
  C:2569H         LINE#         686
  C:2570H         LINE#         689
  C:258FH         LINE#         690
  C:258FH         LINE#         691
  C:25ACH         LINE#         692
  C:25B1H         LINE#         693
  C:25C1H         LINE#         694
  C:25C1H         LINE#         695
  -------         ENDPROC       _FIFO_WRITE_FOREGROUND
  -------         PROC          _FIFO_WRITE_INTERRUPTSERVICEROUTINE
  X:0339H         SYMBOL        addr
  X:033AH         SYMBOL        uNumBytes
  X:033CH         SYMBOL        pData
  -------         DO            
  X:033FH         SYMBOL        i
  -------         ENDDO         
  C:25C2H         LINE#         697
  C:25DAH         LINE#         700
  C:25DAH         LINE#         704
  C:25E6H         LINE#         705
  C:25E6H         LINE#         706
  C:25EBH         LINE#         708
  C:25F2H         LINE#         711
  C:2611H         LINE#         712
  C:2611H         LINE#         713
  C:262EH         LINE#         714
  C:2633H         LINE#         715
  C:2643H         LINE#         716
  C:2643H         LINE#         717
  -------         ENDPROC       _FIFO_WRITE_INTERRUPTSERVICEROUTINE
  -------         PROC          FORCE_STALL
  C:2EB3H         LINE#         730
  C:2EB3H         LINE#         731
  C:2EB3H         LINE#         732
  C:2EBEH         LINE#         733
  C:2EC9H         LINE#         734
  C:2ECFH         LINE#         735
  -------         ENDPROC       FORCE_STALL
BL51 BANKED LINKER/LOCATER V5.11            06/11/2009  12:00:44  PAGE 19


  -------         PROC          SENDPACKET
  -------         DO            
  B:0029H.0       SYMBOL        EAState
  X:0372H         SYMBOL        ControlReg
  -------         ENDDO         
  C:204BH         LINE#         750
  C:204BH         LINE#         751
  C:204BH         LINE#         755
  C:204FH         LINE#         756
  C:2051H         LINE#         758
  C:205CH         LINE#         761
  C:206FH         LINE#         763
  C:2078H         LINE#         765
  C:2078H         LINE#         766
  C:2083H         LINE#         767
  C:2085H         LINE#         769
  C:208DH         LINE#         770
  C:208DH         LINE#         772
  C:2093H         LINE#         774
  C:209CH         LINE#         776
  C:209CH         LINE#         777
  C:20A7H         LINE#         778
  C:20A7H         LINE#         780
  C:20B0H         LINE#         781
  C:20B0H         LINE#         782
  C:20BBH         LINE#         783
  C:20BBH         LINE#         789
  C:20D4H         LINE#         790
  C:20DFH         LINE#         792
  C:20DFH         LINE#         794
  C:20E3H         LINE#         795
  -------         ENDPROC       SENDPACKET
  -------         ENDMOD        F3XX_USB0_INTERRUPTSERVICEROUTINE

  -------         MODULE        ?C_STARTUP
  C:2294H         SEGMENT       ?C_C51STARTUP
  I:007BH         SEGMENT       ?STACK
  C:0006H         PUBLIC        ?C_STARTUP
  D:00E0H         SYMBOL        ACC
  D:00F0H         SYMBOL        B
  D:0083H         SYMBOL        DPH
  D:0082H         SYMBOL        DPL
  N:0000H         SYMBOL        IBPSTACK
  N:0100H         SYMBOL        IBPSTACKTOP
  N:0080H         SYMBOL        IDATALEN
  C:2297H         SYMBOL        IDATALOOP
  N:0000H         SYMBOL        PBPSTACK
  N:0000H         SYMBOL        PBPSTACKTOP
  N:0000H         SYMBOL        PDATALEN
  N:0000H         SYMBOL        PDATASTART
  N:0000H         SYMBOL        PPAGE
  N:0000H         SYMBOL        PPAGEENABLE
  D:00A0H         SYMBOL        PPAGE_SFR
  D:0081H         SYMBOL        SP
  C:2294H         SYMBOL        STARTUP1
  N:0000H         SYMBOL        XBPSTACK
  N:0000H         SYMBOL        XBPSTACKTOP
  N:0000H         SYMBOL        XDATALEN
  N:0000H         SYMBOL        XDATASTART
  C:0000H         LINE#         92
  C:0002H         LINE#         93
  C:0004H         LINE#         94
  C:0006H         LINE#         97
  C:2294H         LINE#         104
  C:2296H         LINE#         105
BL51 BANKED LINKER/LOCATER V5.11            06/11/2009  12:00:44  PAGE 20


  C:2297H         LINE#         106
  C:2298H         LINE#         107
  C:229AH         LINE#         156
  C:229DH         LINE#         160
  -------         ENDMOD        ?C_STARTUP

  -------         MODULE        F3XX_USB0_MAIN
  C:0000H         SYMBOL        _ICE_DUMMY_
  D:0080H         PUBLIC        P0
  D:0090H         PUBLIC        P1
  D:00A0H         PUBLIC        P2
  B:00A8H.7       PUBLIC        EA
  C:2F9AH         PUBLIC        main
  -------         PROC          MAIN
  C:2F9AH         LINE#         46
  C:2F9AH         LINE#         47
  C:2F9AH         LINE#         48
  C:2F9DH         LINE#         50
  C:2F9FH         LINE#         51
  C:2F9FH         LINE#         52
  C:2F9FH         LINE#         53
  C:2FA2H         LINE#         54
  C:2FA4H         LINE#         55
  -------         ENDPROC       MAIN
  -------         ENDMOD        F3XX_USB0_MAIN

  -------         MODULE        F3XX_USB0_STANDARD_REQUESTS
  C:0000H         SYMBOL        _ICE_DUMMY_
  D:0080H         PUBLIC        P0
  D:0090H         PUBLIC        P1
  C:0070H         PUBLIC        Get_Idle
  C:17C8H         PUBLIC        Get_Report
  D:00A0H         PUBLIC        P2
  C:10DAH         PUBLIC        Get_Status
  C:2F20H         PUBLIC        Set_Idle
  C:189DH         PUBLIC        Set_Report
  C:2435H         PUBLIC        Get_Interface
  C:1E69H         PUBLIC        Clear_Feature
  C:296FH         PUBLIC        Set_Interface
  C:0AA3H         PUBLIC        Get_Descriptor
  C:2FBCH         PUBLIC        ONES_PACKET
  C:26C0H         PUBLIC        Set_Address
  C:0071H         PUBLIC        Get_Protocol
  C:2FBEH         PUBLIC        ZERO_PACKET
  C:1C64H         PUBLIC        Set_Feature
  C:1D16H         PUBLIC        Get_Configuration
  C:0072H         PUBLIC        Set_Protocol
  C:1DC1H         PUBLIC        Set_Configuration
  D:0096H         PUBLIC        USB0ADR
  D:0097H         PUBLIC        USB0DAT
  -------         PROC          GET_STATUS
  C:10DAH         LINE#         104
  C:10DAH         LINE#         105
  C:10DAH         LINE#         107
  C:10FCH         LINE#         112
  C:10FCH         LINE#         113
  C:10FFH         LINE#         114
  C:10FFH         LINE#         116
  C:1115H         LINE#         117
  C:1115H         LINE#         118
  C:1115H         LINE#         119
  C:1125H         LINE#         120
  C:1125H         LINE#         121
  C:1128H         LINE#         122
  C:112BH         LINE#         124
BL51 BANKED LINKER/LOCATER V5.11            06/11/2009  12:00:44  PAGE 21


  C:112BH         LINE#         127
  C:113CH         LINE#         128
  C:1145H         LINE#         129
  C:1145H         LINE#         130
  C:1148H         LINE#         132
  C:1148H         LINE#         133
  C:1161H         LINE#         137
  C:1161H         LINE#         138
  C:1164H         LINE#         139
  C:1167H         LINE#         141
  C:1167H         LINE#         143
  C:1178H         LINE#         144
  C:1181H         LINE#         145
  C:1181H         LINE#         146
  C:1183H         LINE#         148
  C:1183H         LINE#         149
  C:1194H         LINE#         152
  C:1194H         LINE#         153
  C:1197H         LINE#         154
  C:1199H         LINE#         156
  C:1199H         LINE#         158
  C:11A2H         LINE#         159
  C:11A2H         LINE#         160
  C:11ABH         LINE#         161
  C:11ABH         LINE#         163
  C:11BCH         LINE#         164
  C:11C5H         LINE#         165
  C:11C7H         LINE#         167
  C:11C7H         LINE#         169
  C:11D8H         LINE#         170
  C:11E1H         LINE#         171
  C:11E1H         LINE#         172
  C:11E3H         LINE#         174
  C:11E3H         LINE#         175
  C:11E6H         LINE#         177
  C:11E6H         LINE#         178
  C:11E6H         LINE#         179
  C:11E8H         LINE#         181
  C:11E8H         LINE#         182
  C:11EBH         LINE#         183
  C:11EBH         LINE#         184
  C:11EBH         LINE#         185
  C:11F5H         LINE#         186
  C:11F5H         LINE#         189
  C:1200H         LINE#         190
  C:1206H         LINE#         191
  C:120EH         LINE#         192
  C:120EH         LINE#         193
  -------         ENDPROC       GET_STATUS
  -------         PROC          CLEAR_FEATURE
  C:1E69H         LINE#         205
  C:1E69H         LINE#         206
  C:1E69H         LINE#         209
  C:1EA5H         LINE#         218
  C:1EA5H         LINE#         219
  C:1EA8H         LINE#         220
  C:1EAAH         LINE#         223
  C:1EAAH         LINE#         225
  C:1EC6H         LINE#         230
  C:1EC6H         LINE#         231
  C:1ECFH         LINE#         232
  C:1ECFH         LINE#         233
  C:1EDAH         LINE#         234
  C:1EE5H         LINE#         235
  C:1EEAH         LINE#         236
BL51 BANKED LINKER/LOCATER V5.11            06/11/2009  12:00:44  PAGE 22


  C:1EEAH         LINE#         237
  C:1EECH         LINE#         239
  C:1EECH         LINE#         240
  C:1EEFH         LINE#         241
  C:1EEFH         LINE#         242
  C:1EEFH         LINE#         243
  C:1EFAH         LINE#         244
  C:1F04H         LINE#         245
  C:1F04H         LINE#         246
  C:1F0FH         LINE#         250
  C:1F0FH         LINE#         251
  -------         ENDPROC       CLEAR_FEATURE
  -------         PROC          SET_FEATURE
  C:1C64H         LINE#         263
  C:1C64H         LINE#         264
  C:1C64H         LINE#         267
  C:1CA0H         LINE#         273
  C:1CA0H         LINE#         274
  C:1CA3H         LINE#         275
  C:1CA5H         LINE#         278
  C:1CA5H         LINE#         280
  C:1CCBH         LINE#         285
  C:1CCBH         LINE#         286
  C:1CD4H         LINE#         287
  C:1CD4H         LINE#         288
  C:1CDFH         LINE#         289
  C:1CEAH         LINE#         290
  C:1CF0H         LINE#         291
  C:1CF0H         LINE#         292
  C:1CF2H         LINE#         294
  C:1CF2H         LINE#         295
  C:1CF5H         LINE#         296
  C:1CF5H         LINE#         297
  C:1CF5H         LINE#         298
  C:1D00H         LINE#         299
  C:1D0AH         LINE#         300
  C:1D0AH         LINE#         301
  C:1D15H         LINE#         304
  C:1D15H         LINE#         305
  -------         ENDPROC       SET_FEATURE
  -------         PROC          SET_ADDRESS
  C:26C0H         LINE#         317
  C:26C0H         LINE#         318
  C:26C0H         LINE#         320
  C:26F9H         LINE#         325
  C:26F9H         LINE#         326
  C:26FCH         LINE#         327
  C:26FCH         LINE#         329
  C:2702H         LINE#         331
  C:270AH         LINE#         332
  C:270AH         LINE#         333
  C:2710H         LINE#         335
  C:2712H         LINE#         337
  C:2712H         LINE#         338
  C:2718H         LINE#         339
  C:2718H         LINE#         340
  C:2722H         LINE#         341
  C:2722H         LINE#         342
  C:272DH         LINE#         345
  C:272DH         LINE#         346
  -------         ENDPROC       SET_ADDRESS
  -------         PROC          GET_DESCRIPTOR
  C:0AA3H         LINE#         358
  C:0AA3H         LINE#         359
  C:0AA3H         LINE#         362
BL51 BANKED LINKER/LOCATER V5.11            06/11/2009  12:00:44  PAGE 23


  C:0AC5H         LINE#         363
  C:0AC5H         LINE#         364
  C:0AC5H         LINE#         365
  C:0AD6H         LINE#         366
  C:0AE5H         LINE#         367
  C:0AE8H         LINE#         369
  C:0AE8H         LINE#         370
  C:0AEDH         LINE#         371
  C:0B00H         LINE#         373
  C:0B11H         LINE#         377
  C:0B33H         LINE#         379
  C:0B36H         LINE#         381
  C:0B36H         LINE#         382
  C:0B5DH         LINE#         384
  C:0B76H         LINE#         385
  C:0B79H         LINE#         387
  C:0B79H         LINE#         388
  C:0B7EH         LINE#         389
  C:0B91H         LINE#         391
  C:0BA2H         LINE#         392
  C:0BB2H         LINE#         393
  C:0BB5H         LINE#         395
  C:0BB5H         LINE#         396
  C:0BC2H         LINE#         397
  C:0BC2H         LINE#         398
  C:0BCBH         LINE#         399
  C:0BCBH         LINE#         400
  C:0BD0H         LINE#         401
  C:0BE3H         LINE#         403
  C:0BF4H         LINE#         404
  C:0C04H         LINE#         405
  C:0C07H         LINE#         407
  C:0C07H         LINE#         408
  C:0C0CH         LINE#         409
  C:0C1FH         LINE#         411
  C:0C30H         LINE#         412
  C:0C40H         LINE#         413
  C:0C40H         LINE#         414
  C:0C43H         LINE#         416
  C:0C43H         LINE#         417
  C:0C46H         LINE#         418
  C:0C46H         LINE#         419
  C:0C48H         LINE#         421
  C:0C48H         LINE#         422
  C:0C4DH         LINE#         423
  C:0C60H         LINE#         425
  C:0C71H         LINE#         426
  C:0C81H         LINE#         427
  C:0C83H         LINE#         429
  C:0C83H         LINE#         430
  C:0C88H         LINE#         431
  C:0C88H         LINE#         432
  C:0C99H         LINE#         433
  C:0CA2H         LINE#         434
  C:0CA4H         LINE#         436
  C:0CA4H         LINE#         437
  C:0CB5H         LINE#         438
  C:0CBEH         LINE#         439
  C:0CBEH         LINE#         440
  C:0CC0H         LINE#         442
  C:0CC0H         LINE#         443
  C:0CC3H         LINE#         444
  C:0CC3H         LINE#         445
  C:0CC3H         LINE#         448
  C:0CF4H         LINE#         453
BL51 BANKED LINKER/LOCATER V5.11            06/11/2009  12:00:44  PAGE 24


  C:0CF4H         LINE#         454
  C:0D12H         LINE#         456
  C:0D12H         LINE#         457
  C:0D22H         LINE#         458
  C:0D22H         LINE#         459
  C:0D22H         LINE#         460
  C:0D2CH         LINE#         461
  C:0D2CH         LINE#         462
  C:0D37H         LINE#         463
  C:0D3DH         LINE#         464
  C:0D45H         LINE#         465
  C:0D45H         LINE#         466
  -------         ENDPROC       GET_DESCRIPTOR
  -------         PROC          GET_CONFIGURATION
  C:1D16H         LINE#         478
  C:1D16H         LINE#         479
  C:1D16H         LINE#         481
  C:1D52H         LINE#         488
  C:1D52H         LINE#         489
  C:1D55H         LINE#         490
  C:1D57H         LINE#         493
  C:1D57H         LINE#         494
  C:1D60H         LINE#         495
  C:1D60H         LINE#         497
  C:1D71H         LINE#         498
  C:1D7AH         LINE#         499
  C:1D7AH         LINE#         500
  C:1D83H         LINE#         501
  C:1D83H         LINE#         502
  C:1D94H         LINE#         503
  C:1D9DH         LINE#         504
  C:1D9DH         LINE#         505
  C:1D9DH         LINE#         506
  C:1DA7H         LINE#         507
  C:1DA7H         LINE#         509
  C:1DB2H         LINE#         510
  C:1DB8H         LINE#         511
  C:1DC0H         LINE#         512
  C:1DC0H         LINE#         513
  -------         ENDPROC       GET_CONFIGURATION
  -------         PROC          SET_CONFIGURATION
  C:1DC1H         LINE#         525
  C:1DC1H         LINE#         526
  C:1DC1H         LINE#         529
  C:1E06H         LINE#         537
  C:1E06H         LINE#         538
  C:1E09H         LINE#         539
  C:1E0BH         LINE#         542
  C:1E0BH         LINE#         543
  C:1E16H         LINE#         544
  C:1E16H         LINE#         546
  C:1E1CH         LINE#         547
  C:1E21H         LINE#         549
  C:1E2CH         LINE#         551
  C:1E37H         LINE#         552
  C:1E42H         LINE#         554
  C:1E45H         LINE#         555
  C:1E47H         LINE#         557
  C:1E47H         LINE#         558
  C:1E4DH         LINE#         559
  C:1E53H         LINE#         561
  C:1E53H         LINE#         562
  C:1E53H         LINE#         563
  C:1E5DH         LINE#         564
  C:1E5DH         LINE#         565
BL51 BANKED LINKER/LOCATER V5.11            06/11/2009  12:00:44  PAGE 25


  C:1E68H         LINE#         568
  C:1E68H         LINE#         569
  -------         ENDPROC       SET_CONFIGURATION
  -------         PROC          GET_INTERFACE
  C:2435H         LINE#         581
  C:2435H         LINE#         582
  C:2435H         LINE#         586
  C:247BH         LINE#         594
  C:247BH         LINE#         595
  C:247EH         LINE#         597
  C:2480H         LINE#         600
  C:2480H         LINE#         602
  C:2491H         LINE#         603
  C:249AH         LINE#         604
  C:249AH         LINE#         605
  C:24A4H         LINE#         606
  C:24A4H         LINE#         609
  C:24AFH         LINE#         610
  C:24B5H         LINE#         611
  C:24BDH         LINE#         612
  C:24BDH         LINE#         613
  -------         ENDPROC       GET_INTERFACE
  -------         PROC          SET_INTERFACE
  C:296FH         LINE#         625
  C:296FH         LINE#         626
  C:296FH         LINE#         628
  C:29A9H         LINE#         633
  C:29A9H         LINE#         634
  C:29ACH         LINE#         635
  C:29ACH         LINE#         636
  C:29B6H         LINE#         637
  C:29B6H         LINE#         638
  C:29C1H         LINE#         641
  C:29C1H         LINE#         642
  -------         ENDPROC       SET_INTERFACE
  -------         PROC          GET_IDLE
  C:0070H         LINE#         650
  C:0070H         LINE#         651
  -------         ENDPROC       GET_IDLE
  -------         PROC          GET_PROTOCOL
  C:0071H         LINE#         661
  -------         ENDPROC       GET_PROTOCOL
  -------         PROC          SET_PROTOCOL
  C:0072H         LINE#         669
  -------         ENDPROC       SET_PROTOCOL
  -------         PROC          SET_IDLE
  C:2F20H         LINE#         682
  C:2F20H         LINE#         683
  C:2F20H         LINE#         685
  C:2F2AH         LINE#         686
  C:2F2AH         LINE#         688
  C:2F35H         LINE#         689
  C:2F35H         LINE#         691
  -------         ENDPROC       SET_IDLE
  -------         PROC          GET_REPORT
  -------         DO            
  B:0029H.1       SYMBOL        handled
  -------         ENDDO         
  C:17C8H         LINE#         705
  C:17C8H         LINE#         706
  C:17C8H         LINE#         723
  C:17CAH         LINE#         724
  C:17D4H         LINE#         725
  C:17D4H         LINE#         726
  C:17EBH         LINE#         728
BL51 BANKED LINKER/LOCATER V5.11            06/11/2009  12:00:44  PAGE 26


  C:17EBH         LINE#         729
  C:17F4H         LINE#         730
  C:1805H         LINE#         731
  C:1807H         LINE#         732
  C:1809H         LINE#         734
  C:1825H         LINE#         736
  C:1825H         LINE#         737
  C:1835H         LINE#         738
  C:1846H         LINE#         739
  C:1848H         LINE#         740
  C:1848H         LINE#         741
  C:184AH         LINE#         743
  C:1860H         LINE#         745
  C:1860H         LINE#         746
  C:1869H         LINE#         747
  C:187AH         LINE#         748
  C:187CH         LINE#         749
  C:187CH         LINE#         750
  C:187FH         LINE#         751
  C:187FH         LINE#         753
  C:188AH         LINE#         754
  C:1890H         LINE#         755
  C:1898H         LINE#         756
  C:1899H         LINE#         758
  C:1899H         LINE#         759
  C:189CH         LINE#         760
  C:189CH         LINE#         761
  -------         ENDPROC       GET_REPORT
  -------         PROC          SET_REPORT
  C:189DH         LINE#         775
  C:189DH         LINE#         776
  C:189DH         LINE#         793
  C:18A3H         LINE#         794
  C:18A3H         LINE#         795
  C:18CFH         LINE#         799
  C:18CFH         LINE#         800
  C:18D8H         LINE#         801
  C:18E9H         LINE#         802
  C:18F4H         LINE#         803
  C:18FAH         LINE#         804
  C:1902H         LINE#         805
  C:1903H         LINE#         807
  C:1903H         LINE#         808
  C:1906H         LINE#         809
  C:1906H         LINE#         810
  C:1907H         LINE#         812
  C:1907H         LINE#         813
  C:1935H         LINE#         817
  C:1935H         LINE#         818
  C:193EH         LINE#         819
  C:194FH         LINE#         820
  C:195AH         LINE#         821
  C:1960H         LINE#         822
  C:1968H         LINE#         823
  C:1969H         LINE#         825
  C:1969H         LINE#         826
  C:196CH         LINE#         827
  C:196CH         LINE#         828
  C:196CH         LINE#         829
  -------         ENDPROC       SET_REPORT
  -------         ENDMOD        F3XX_USB0_STANDARD_REQUESTS

  -------         MODULE        F3XX_USB0_REPORTHANDLER
  C:0000H         SYMBOL        _ICE_DUMMY_
  X:0341H         PUBLIC        OUT_BUFFER
BL51 BANKED LINKER/LOCATER V5.11            06/11/2009  12:00:44  PAGE 27


  C:2FB3H         PUBLIC        OUT_VECTORTABLE
  C:2859H         PUBLIC        _ReportHandler_IN_Foreground
  X:0345H         PUBLIC        IN_BUFFER
  C:2FAFH         PUBLIC        IN_VECTORTABLE
  C:2FCDH         PUBLIC        OUT_Report
  C:27FAH         PUBLIC        _ReportHandler_IN_ISR
  C:2FCCH         PUBLIC        IN_Report
  -------         PROC          IN_REPORT
  C:2FCCH         LINE#         121
  C:2FCCH         LINE#         122
  C:2FCCH         LINE#         123
  -------         ENDPROC       IN_REPORT
  -------         PROC          OUT_REPORT
  C:2FCDH         LINE#         135
  C:2FCDH         LINE#         136
  C:2FCDH         LINE#         137
  -------         ENDPROC       OUT_REPORT
  -------         PROC          _REPORTHANDLER_IN_ISR
  X:0363H         SYMBOL        R_ID
  -------         DO            
  X:0364H         SYMBOL        index
  -------         ENDDO         
  C:27FAH         LINE#         175
  C:27FFH         LINE#         176
  C:27FFH         LINE#         179
  C:2804H         LINE#         181
  C:280FH         LINE#         182
  C:280FH         LINE#         185
  C:282EH         LINE#         186
  C:282EH         LINE#         187
  C:284FH         LINE#         188
  C:2850H         LINE#         189
  C:2850H         LINE#         192
  C:2856H         LINE#         193
  C:2858H         LINE#         195
  -------         ENDPROC       _REPORTHANDLER_IN_ISR
  -------         PROC          _REPORTHANDLER_IN_FOREGROUND
  X:0365H         SYMBOL        R_ID
  -------         DO            
  X:0366H         SYMBOL        index
  -------         ENDDO         
  C:2859H         LINE#         196
  C:285EH         LINE#         197
  C:285EH         LINE#         200
  C:2863H         LINE#         202
  C:286EH         LINE#         203
  C:286EH         LINE#         206
  C:288DH         LINE#         207
  C:288DH         LINE#         208
  C:28AEH         LINE#         209
  C:28AFH         LINE#         210
  C:28AFH         LINE#         213
  C:28B5H         LINE#         214
  C:28B7H         LINE#         216
  -------         ENDPROC       _REPORTHANDLER_IN_FOREGROUND
  -------         ENDMOD        F3XX_USB0_REPORTHANDLER

  -------         MODULE        ADNS9500
  C:0000H         SYMBOL        _ICE_DUMMY_
  D:0013H         PUBLIC        CFG1_data
  D:0080H         PUBLIC        P0
  D:0090H         PUBLIC        P1
  D:00A0H         PUBLIC        P2
  B:00A8H.7       PUBLIC        EA
  C:2ED0H         PUBLIC        ADNS9500_laser_power_enable_sequence
BL51 BANKED LINKER/LOCATER V5.11            06/11/2009  12:00:44  PAGE 28


  C:2AB7H         PUBLIC        ADNS9500_power_up_sequence
  C:2E90H         PUBLIC        ADNS9500_check_sequence
  D:0014H         PUBLIC        lift_data
  C:2EEDH         PUBLIC        ADNS9500_load_resolution
  C:196DH         PUBLIC        ANDS9500_SROM_Download
  C:1BAFH         PUBLIC        ADNS9500_SROM_Check
  C:0046H         PUBLIC        ANDS9500_SROM_load_sequence
  B:0080H.4       PUBLIC        NCS
  C:2C2AH         PUBLIC        ADNS9500_Init
  D:0015H         PUBLIC        CFG0_data
  -------         PROC          ADNS9500_INIT
  -------         DO            
  X:0301H         SYMBOL        spi_array
  -------         ENDDO         
  C:2C2AH         LINE#         48
  C:2C2AH         LINE#         49
  C:2C2AH         LINE#         54
  C:2C2DH         LINE#         55
  C:2C30H         LINE#         56
  C:2C33H         LINE#         57
  C:2C36H         LINE#         60
  C:2C3DH         LINE#         63
  C:2C47H         LINE#         64
  C:2C51H         LINE#         65
  C:2C5BH         LINE#         66
  C:2C65H         LINE#         67
  C:2C6FH         LINE#         68
  C:2C70H         LINE#         83
  -------         ENDPROC       ADNS9500_INIT
  -------         PROC          ADNS9500_CHECK_SEQUENCE
  -------         DO            
  X:030BH         SYMBOL        spi_array
  -------         ENDDO         
  C:2E90H         LINE#         89
  C:2E90H         LINE#         90
  C:2E90H         LINE#         99
  C:2E92H         LINE#         100
  C:2E9CH         LINE#         101
  C:2EA6H         LINE#         102
  C:2EB0H         LINE#         103
  C:2EB2H         LINE#         104
  -------         ENDPROC       ADNS9500_CHECK_SEQUENCE
  -------         PROC          ADNS9500_POWER_UP_SEQUENCE
  -------         DO            
  X:0315H         SYMBOL        spi_array
  -------         ENDDO         
  C:2AB7H         LINE#         107
  C:2AB7H         LINE#         108
  C:2AB7H         LINE#         117
  C:2AB9H         LINE#         118
  C:2AC0H         LINE#         119
  C:2AC2H         LINE#         122
  C:2AC8H         LINE#         123
  C:2ACAH         LINE#         124
  C:2ACDH         LINE#         126
  C:2ACFH         LINE#         127
  C:2AD9H         LINE#         128
  C:2AE3H         LINE#         129
  C:2AEDH         LINE#         130
  C:2AF7H         LINE#         131
  C:2B01H         LINE#         132
  C:2B03H         LINE#         133
  -------         ENDPROC       ADNS9500_POWER_UP_SEQUENCE
  -------         PROC          ANDS9500_SROM_LOAD_SEQUENCE
  -------         DO            
BL51 BANKED LINKER/LOCATER V5.11            06/11/2009  12:00:44  PAGE 29


  X:0373H         SYMBOL        spi_temp
  -------         ENDDO         
  C:0046H         LINE#         136
  C:0046H         LINE#         137
  C:0046H         LINE#         149
  C:0052H         LINE#         151
  C:005BH         LINE#         152
  C:005BH         LINE#         153
  C:005EH         LINE#         156
  C:0064H         LINE#         157
  C:0066H         LINE#         158
  C:0069H         LINE#         160
  C:006CH         LINE#         161
  C:006FH         LINE#         162
  C:006FH         LINE#         163
  -------         ENDPROC       ANDS9500_SROM_LOAD_SEQUENCE
  -------         PROC          ADNS9500_LOAD_RESOLUTION
  C:2EEDH         LINE#         166
  C:2EEDH         LINE#         167
  C:2EEDH         LINE#         174
  C:2EEFH         LINE#         175
  C:2EF8H         LINE#         176
  C:2EFFH         LINE#         177
  C:2F01H         LINE#         178
  C:2F06H         LINE#         179
  -------         ENDPROC       ADNS9500_LOAD_RESOLUTION
  -------         PROC          ANDS9500_SROM_DOWNLOAD
  -------         DO            
  X:0367H         SYMBOL        temp_int
  -------         ENDDO         
  C:196DH         LINE#         182
  C:196DH         LINE#         183
  C:196DH         LINE#         186
  C:1979H         LINE#         187
  C:1985H         LINE#         189
  C:1987H         LINE#         190
  C:198EH         LINE#         191
  C:1990H         LINE#         194
  C:1996H         LINE#         195
  C:1998H         LINE#         196
  C:199BH         LINE#         198
  C:199DH         LINE#         199
  C:19A4H         LINE#         200
  C:19A6H         LINE#         203
  C:19ACH         LINE#         204
  C:19AEH         LINE#         205
  C:19B1H         LINE#         207
  C:19B3H         LINE#         208
  C:19BAH         LINE#         209
  C:19BCH         LINE#         210
  C:19C1H         LINE#         212
  C:19C3H         LINE#         214
  C:19C8H         LINE#         216
  C:19CAH         LINE#         217
  C:19CFH         LINE#         218
  C:19D1H         LINE#         221
  C:19D7H         LINE#         222
  C:19D9H         LINE#         223
  C:19DCH         LINE#         225
  C:19DEH         LINE#         226
  C:19FDH         LINE#         227
  C:19FDH         LINE#         228
  C:1A13H         LINE#         229
  C:1A18H         LINE#         230
  C:1A28H         LINE#         231
BL51 BANKED LINKER/LOCATER V5.11            06/11/2009  12:00:44  PAGE 30


  C:1A2AH         LINE#         233
  C:1A2FH         LINE#         235
  C:1A31H         LINE#         236
  -------         ENDPROC       ANDS9500_SROM_DOWNLOAD
  -------         PROC          ADNS9500_LASER_POWER_ENABLE_SEQUENCE
  -------         DO            
  X:0374H         SYMBOL        temp
  -------         ENDDO         
  C:2ED0H         LINE#         239
  C:2ED0H         LINE#         240
  C:2ED0H         LINE#         249
  C:2ED2H         LINE#         250
  C:2EDCH         LINE#         251
  C:2EEAH         LINE#         252
  C:2EECH         LINE#         253
  -------         ENDPROC       ADNS9500_LASER_POWER_ENABLE_SEQUENCE
  -------         PROC          ADNS9500_SROM_CHECK
  -------         DO            
  X:031FH         SYMBOL        spi_array
  -------         ENDDO         
[...]
  C:2E40H         LINE#         249
  C:2E45H         LINE#         250
  -------         ENDPROC       _SPI_READ_SENSOR
  -------         PROC          _SPI_WRITE_SENSOR
  X:036BH         SYMBOL        addr
  X:036CH         SYMBOL        data_in
  C:2DE8H         LINE#         253
  C:2DF2H         LINE#         254
  C:2DF2H         LINE#         255
  C:2DF4H         LINE#         256
  C:2DF7H         LINE#         257
  C:2E03H         LINE#         258
  C:2E08H         LINE#         259
  C:2E10H         LINE#         260
  C:2E15H         LINE#         261
  C:2E17H         LINE#         262
  -------         ENDPROC       _SPI_WRITE_SENSOR
  -------         ENDMOD        SPI

  -------         MODULE        TIMER
  C:0000H         SYMBOL        _ICE_DUMMY_
  D:0080H         PUBLIC        P0
  D:0090H         PUBLIC        P1
  D:00A0H         PUBLIC        P2
  D:00E6H         PUBLIC        EIE1
  D:0093H         PUBLIC        TMR3RLH
  D:0092H         PUBLIC        TMR3RLL
  D:005FH         PUBLIC        t0_data
  D:0061H         PUBLIC        t1_data
  D:0063H         PUBLIC        t2_data
  D:0065H         PUBLIC        t3_data
  D:0067H         PUBLIC        t4_data
  D:0069H         PUBLIC        t5_data
  D:006BH         PUBLIC        t6_data
  D:006DH         PUBLIC        t7_data
  D:006FH         PUBLIC        t8_data
  D:0071H         PUBLIC        t9_data
  D:0089H         PUBLIC        TMOD
  D:0091H         PUBLIC        TMR3CN
  B:0025H.0       PUBLIC        time_0
  B:0025H.1       PUBLIC        time_1
  B:0025H.2       PUBLIC        time_2
  B:0025H.3       PUBLIC        time_3
  B:0025H.4       PUBLIC        time_4
  B:0025H.5       PUBLIC        time_5
  B:0025H.6       PUBLIC        time_6
  B:0025H.7       PUBLIC        time_7
  B:0026H.0       PUBLIC        time_8
  B:00A8H.1       PUBLIC        ET0
  B:0026H.1       PUBLIC        time_9
  C:2F5EH         PUBLIC        Timer0Init
  D:008CH         PUBLIC        TH0
  C:2F36H         PUBLIC        Timer3Init
  D:008AH         PUBLIC        TL0
  D:0073H         PUBLIC        t10_data
  D:0075H         PUBLIC        t11_data
  D:0077H         PUBLIC        t12_data
  D:0079H         PUBLIC        t13_data
  B:0088H.4       PUBLIC        TR0
  C:0F3CH         PUBLIC        Timer3Isr
  D:0095H         PUBLIC        TMR3H
  D:008EH         PUBLIC        CKCON
  B:0026H.2       PUBLIC        time_10
BL51 BANKED LINKER/LOCATER V5.11            06/11/2009  12:00:44  PAGE 54


  B:0026H.3       PUBLIC        time_11
  D:0094H         PUBLIC        TMR3L
  B:0026H.4       PUBLIC        time_12
  B:0026H.5       PUBLIC        time_13
  -------         PROC          TIMER0INIT
  C:2F5EH         LINE#         122
  C:2F5EH         LINE#         123
  C:2F5EH         LINE#         126
  C:2F61H         LINE#         128
  C:2F64H         LINE#         129
  C:2F67H         LINE#         131
  C:2F69H         LINE#         132
  C:2F6BH         LINE#         134
  C:2F6EH         LINE#         135
  -------         ENDPROC       TIMER0INIT
  -------         PROC          TIMER3INIT
  C:2F36H         LINE#         137
  C:2F36H         LINE#         138
  C:2F36H         LINE#         140
  C:2F39H         LINE#         141
  C:2F3CH         LINE#         143
  C:2F3FH         LINE#         144
  C:2F42H         LINE#         146
  C:2F45H         LINE#         147
  C:2F48H         LINE#         149
  C:2F4BH         LINE#         150
  -------         ENDPROC       TIMER3INIT
  -------         PROC          TIMER3ISR
  C:0F3CH         LINE#         161
  C:0F3EH         LINE#         163
  C:0F41H         LINE#         165
  C:0F44H         LINE#         166
  C:0F44H         LINE#         167
  C:0F4AH         LINE#         168
  C:0F4AH         LINE#         169
  C:0F4CH         LINE#         170
  C:0F4EH         LINE#         172
  C:0F4EH         LINE#         173
  C:0F56H         LINE#         174
  C:0F5CH         LINE#         175
  C:0F5CH         LINE#         176
  C:0F5EH         LINE#         177
  C:0F5EH         LINE#         178
  C:0F5EH         LINE#         179
  C:0F5EH         LINE#         182
  C:0F61H         LINE#         183
  C:0F61H         LINE#         184
  C:0F67H         LINE#         185
  C:0F67H         LINE#         186
  C:0F69H         LINE#         187
  C:0F6BH         LINE#         189
  C:0F6BH         LINE#         190
  C:0F73H         LINE#         191
  C:0F79H         LINE#         192
  C:0F79H         LINE#         193
  C:0F7BH         LINE#         194
  C:0F7BH         LINE#         195
  C:0F7BH         LINE#         196
  C:0F7BH         LINE#         199
  C:0F7EH         LINE#         200
  C:0F7EH         LINE#         201
  C:0F84H         LINE#         202
  C:0F84H         LINE#         203
  C:0F86H         LINE#         204
  C:0F88H         LINE#         206
BL51 BANKED LINKER/LOCATER V5.11            06/11/2009  12:00:44  PAGE 55


  C:0F88H         LINE#         207
  C:0F90H         LINE#         208
  C:0F96H         LINE#         209
  C:0F96H         LINE#         210
  C:0F98H         LINE#         211
  C:0F98H         LINE#         212
  C:0F98H         LINE#         213
  C:0F98H         LINE#         216
  C:0F9BH         LINE#         217
  C:0F9BH         LINE#         218
  C:0FA1H         LINE#         219
  C:0FA1H         LINE#         220
  C:0FA3H         LINE#         221
  C:0FA5H         LINE#         223
  C:0FA5H         LINE#         224
  C:0FADH         LINE#         225
  C:0FB3H         LINE#         226
  C:0FB3H         LINE#         227
  C:0FB5H         LINE#         228
  C:0FB5H         LINE#         229
  C:0FB5H         LINE#         230
  C:0FB5H         LINE#         234
  C:0FB8H         LINE#         235
  C:0FB8H         LINE#         236
  C:0FBEH         LINE#         237
  C:0FBEH         LINE#         238
  C:0FC0H         LINE#         239
  C:0FC2H         LINE#         241
  C:0FC2H         LINE#         242
  C:0FCAH         LINE#         243
  C:0FD0H         LINE#         244
  C:0FD0H         LINE#         245
  C:0FD2H         LINE#         246
  C:0FD2H         LINE#         247
  C:0FD2H         LINE#         248
  C:0FD2H         LINE#         251
  C:0FD5H         LINE#         252
  C:0FD5H         LINE#         253
  C:0FDBH         LINE#         254
  C:0FDBH         LINE#         255
  C:0FDDH         LINE#         256
  C:0FDFH         LINE#         258
  C:0FDFH         LINE#         259
  C:0FE7H         LINE#         260
  C:0FEDH         LINE#         261
  C:0FEDH         LINE#         262
  C:0FEFH         LINE#         263
  C:0FEFH         LINE#         264
  C:0FEFH         LINE#         265
  C:0FEFH         LINE#         268
  C:0FF2H         LINE#         269
  C:0FF2H         LINE#         270
  C:0FF8H         LINE#         271
  C:0FF8H         LINE#         272
  C:0FFAH         LINE#         273
  C:0FFCH         LINE#         275
  C:0FFCH         LINE#         276
  C:1004H         LINE#         277
  C:100AH         LINE#         278
  C:100AH         LINE#         279
  C:100CH         LINE#         280
  C:100CH         LINE#         281
  C:100CH         LINE#         282
  C:100CH         LINE#         285
  C:100FH         LINE#         286
BL51 BANKED LINKER/LOCATER V5.11            06/11/2009  12:00:44  PAGE 56


  C:100FH         LINE#         287
  C:1015H         LINE#         288
  C:1015H         LINE#         289
  C:1017H         LINE#         290
  C:1019H         LINE#         292
  C:1019H         LINE#         293
  C:1021H         LINE#         294
  C:1027H         LINE#         295
  C:1027H         LINE#         296
  C:1029H         LINE#         297
  C:1029H         LINE#         298
  C:1029H         LINE#         299
  C:1029H         LINE#         302
  C:102CH         LINE#         303
  C:102CH         LINE#         304
  C:1032H         LINE#         305
  C:1032H         LINE#         306
  C:1034H         LINE#         307
  C:1036H         LINE#         309
  C:1036H         LINE#         310
  C:103EH         LINE#         311
  C:1044H         LINE#         312
  C:1044H         LINE#         313
  C:1046H         LINE#         314
  C:1046H         LINE#         315
  C:1046H         LINE#         316
  C:1046H         LINE#         319
  C:1049H         LINE#         320
  C:1049H         LINE#         321
  C:104FH         LINE#         322
  C:104FH         LINE#         323
  C:1051H         LINE#         324
  C:1053H         LINE#         326
  C:1053H         LINE#         327
  C:105BH         LINE#         328
  C:1061H         LINE#         329
  C:1061H         LINE#         330
  C:1063H         LINE#         331
  C:1063H         LINE#         332
  C:1063H         LINE#         333
  C:1063H         LINE#         336
  C:1066H         LINE#         337
  C:1066H         LINE#         338
  C:106CH         LINE#         339
  C:106CH         LINE#         340
  C:106EH         LINE#         341
  C:1070H         LINE#         343
  C:1070H         LINE#         344
  C:1078H         LINE#         345
  C:107EH         LINE#         346
  C:107EH         LINE#         347
  C:1080H         LINE#         348
  C:1080H         LINE#         349
  C:1080H         LINE#         350
  C:1080H         LINE#         353
  C:1083H         LINE#         354
  C:1083H         LINE#         355
  C:1089H         LINE#         356
  C:1089H         LINE#         357
  C:108BH         LINE#         358
  C:108DH         LINE#         360
  C:108DH         LINE#         361
  C:1095H         LINE#         362
  C:109BH         LINE#         363
  C:109BH         LINE#         364
BL51 BANKED LINKER/LOCATER V5.11            06/11/2009  12:00:44  PAGE 57


  C:109DH         LINE#         365
  C:109DH         LINE#         366
  C:109DH         LINE#         367
  C:109DH         LINE#         370
  C:10A0H         LINE#         371
  C:10A0H         LINE#         372
  C:10A6H         LINE#         373
  C:10A6H         LINE#         374
  C:10A8H         LINE#         375
  C:10AAH         LINE#         377
  C:10AAH         LINE#         378
  C:10B2H         LINE#         379
  C:10B8H         LINE#         380
  C:10B8H         LINE#         381
  C:10BAH         LINE#         382
  C:10BAH         LINE#         383
  C:10BAH         LINE#         384
  C:10BAH         LINE#         387
  C:10BDH         LINE#         388
  C:10BDH         LINE#         389
  C:10C3H         LINE#         390
  C:10C3H         LINE#         391
  C:10C5H         LINE#         392
  C:10C7H         LINE#         394
  C:10C7H         LINE#         395
  C:10CFH         LINE#         396
  C:10D5H         LINE#         397
  C:10D5H         LINE#         398
  C:10D7H         LINE#         399
  C:10D7H         LINE#         400
  C:10D7H         LINE#         401
  C:10D7H         LINE#         437
  -------         ENDPROC       TIMER3ISR
  -------         ENDMOD        TIMER

  -------         MODULE        F340_FLASHPRIMITIVES
  C:0000H         SYMBOL        _ICE_DUMMY_
  D:0080H         PUBLIC        P0
  D:0090H         PUBLIC        P1
  D:00A0H         PUBLIC        P2
  B:00A8H.7       PUBLIC        EA
  D:008FH         PUBLIC        PSCTL
  C:2CF7H         PUBLIC        _FLASH_PageErase
  D:00FFH         PUBLIC        VDM0CN
  C:0009H         PUBLIC        _FLASH_ByteRead
  C:2B04H         PUBLIC        _FLASH_ByteWrite
  D:00EFH         PUBLIC        RSTSRC
  D:00B7H         PUBLIC        FLKEY
  -------         PROC          _FLASH_BYTEWRITE
  X:0357H         SYMBOL        addr
  X:0359H         SYMBOL        byte
  -------         DO            
  B:0029H.2       SYMBOL        EA_SAVE
  D:0008H         SYMBOL        pwrite
  -------         ENDDO         
  C:2B04H         LINE#         67
  C:2B11H         LINE#         68
  C:2B11H         LINE#         69
  C:2B15H         LINE#         72
  C:2B17H         LINE#         76
  C:2B1AH         LINE#         79
  C:2B1DH         LINE#         81
  C:2B29H         LINE#         83
  C:2B2CH         LINE#         84
  C:2B2FH         LINE#         85
BL51 BANKED LINKER/LOCATER V5.11            06/11/2009  12:00:44  PAGE 58


  C:2B32H         LINE#         88
  C:2B35H         LINE#         91
  C:2B38H         LINE#         93
  C:2B47H         LINE#         95
  C:2B4AH         LINE#         97
  C:2B4EH         LINE#         98
  -------         ENDPROC       _FLASH_BYTEWRITE
  -------         PROC          _FLASH_BYTEREAD
  X:035AH         SYMBOL        addr
  -------         DO            
  B:0029H.3       SYMBOL        EA_SAVE
  D:000AH         SYMBOL        pread
  X:035CH         SYMBOL        byte
  -------         ENDDO         
  C:0009H         LINE#         113
  C:0011H         LINE#         114
  C:0011H         LINE#         115
  C:0015H         LINE#         119
  C:0017H         LINE#         121
  C:0023H         LINE#         123
  C:0033H         LINE#         125
  C:0037H         LINE#         127
  C:003CH         LINE#         128
  -------         ENDPROC       _FLASH_BYTEREAD
  -------         PROC          _FLASH_PAGEERASE
  X:036DH         SYMBOL        addr
  -------         DO            
  B:0029H.4       SYMBOL        EA_SAVE
  D:000CH         SYMBOL        pwrite
  -------         ENDDO         
  C:2CF7H         LINE#         143
  C:2CFFH         LINE#         144
  C:2CFFH         LINE#         145
  C:2D03H         LINE#         148
  C:2D05H         LINE#         151
  C:2D08H         LINE#         154
  C:2D0BH         LINE#         156
  C:2D17H         LINE#         158
  C:2D1AH         LINE#         159
  C:2D1DH         LINE#         160
  C:2D20H         LINE#         163
  C:2D23H         LINE#         166
  C:2D26H         LINE#         167
  C:2D30H         LINE#         169
  C:2D33H         LINE#         171
  C:2D37H         LINE#         172
  -------         ENDPROC       _FLASH_PAGEERASE
  -------         ENDMOD        F340_FLASHPRIMITIVES

  -------         MODULE        F3XX_USB0_MOUSE
  C:0000H         SYMBOL        _ICE_DUMMY_
  C:2FA5H         PUBLIC        System_Init
  D:0080H         PUBLIC        P0
  D:0090H         PUBLIC        P1
  D:00A0H         PUBLIC        P2
  D:00E6H         PUBLIC        EIE1
  D:00D7H         PUBLIC        USB0XCN
  C:2BE1H         PUBLIC        USB0_Init
  D:00D9H         PUBLIC        PCA0MD
  C:2FC8H         PUBLIC        Port_Init
  D:00E2H         PUBLIC        XBR1
  D:00A9H         PUBLIC        CLKSEL
  D:00B2H         PUBLIC        OSCICN
  D:00B9H         PUBLIC        CLKMUL
  C:2C71H         PUBLIC        Sysclk_Init
BL51 BANKED LINKER/LOCATER V5.11            06/11/2009  12:00:44  PAGE 59


  D:0096H         PUBLIC        USB0ADR
  D:0097H         PUBLIC        USB0DAT
  -------         PROC          SYSTEM_INIT
  C:2FA5H         LINE#         81
  C:2FA5H         LINE#         82
  C:2FA5H         LINE#         83
  C:2FA8H         LINE#         84
  C:2FABH         LINE#         85
  C:2FAEH         LINE#         86
  -------         ENDPROC       SYSTEM_INIT
  -------         PROC          USB0_INIT
  C:2BE1H         LINE#         101
  C:2BE1H         LINE#         102
  C:2BE1H         LINE#         104
  C:2BECH         LINE#         105
  C:2BF7H         LINE#         106
  C:2C02H         LINE#         107
  C:2C0DH         LINE#         109
  C:2C10H         LINE#         110
  C:2C1BH         LINE#         113
  C:2C1EH         LINE#         115
  C:2C29H         LINE#         118
  -------         ENDPROC       USB0_INIT
  -------         PROC          SYSCLK_INIT
  -------         DO            
  X:036FH         SYMBOL        i
  -------         ENDDO         
  C:2C71H         LINE#         131
  C:2C71H         LINE#         132
  C:2C71H         LINE#         133
  C:2C79H         LINE#         134
  C:2C7CH         LINE#         135
  C:2CA7H         LINE#         136
  C:2CAAH         LINE#         137
  C:2CAFH         LINE#         138
  C:2CB2H         LINE#         139
  C:2CB5H         LINE#         140
  -------         ENDPROC       SYSCLK_INIT
  -------         PROC          PORT_INIT
  C:2FC8H         LINE#         152
  C:2FC8H         LINE#         153
  C:2FC8H         LINE#         176
  C:2FCBH         LINE#         177
  -------         ENDPROC       PORT_INIT
  -------         ENDMOD        F3XX_USB0_MOUSE

  -------         MODULE        CRC_CHECK
  C:0000H         SYMBOL        _ICE_DUMMY_
  C:272EH         PUBLIC        _Eight_Bit_CRC
  X:037EH         PUBLIC        crc_return
  -------         PROC          _EIGHT_BIT_CRC
  X:034DH         SYMBOL        crc
  X:034EH         SYMBOL        byte_in
  -------         DO            
  X:034FH         SYMBOL        index
  X:0350H         SYMBOL        fb
  -------         ENDDO         
  C:272EH         LINE#         20
  C:2738H         LINE#         21
  C:2738H         LINE#         25
  C:273EH         LINE#         27
  C:273EH         LINE#         28
  C:2754H         LINE#         29
  C:2762H         LINE#         30
  C:2770H         LINE#         32
BL51 BANKED LINKER/LOCATER V5.11            06/11/2009  12:00:44  PAGE 60


  C:2778H         LINE#         33
  C:2778H         LINE#         34
  C:2786H         LINE#         35
  C:2786H         LINE#         36
  C:2790H         LINE#         38
  C:2795H         LINE#         39
  -------         ENDPROC       _EIGHT_BIT_CRC
  -------         ENDMOD        CRC_CHECK

  -------         MODULE        ?C?CLDPTR
  C:16ECH         PUBLIC        ?C?CLDPTR
  -------         ENDMOD        ?C?CLDPTR

  -------         MODULE        ?C?CLDOPTR
  C:1705H         PUBLIC        ?C?CLDOPTR
  -------         ENDMOD        ?C?CLDOPTR

  -------         MODULE        ?C?CSTOPTR
  C:1732H         PUBLIC        ?C?CSTOPTR
  -------         ENDMOD        ?C?CSTOPTR

  -------         MODULE        ?C?IILDX
  C:1754H         PUBLIC        ?C?IILDX
  -------         ENDMOD        ?C?IILDX

  -------         MODULE        ?C?CCASE
  C:176AH         PUBLIC        ?C?CCASE
  -------         ENDMOD        ?C?CCASE

  -------         MODULE        ?C?ICALL
  C:1790H         PUBLIC        ?C?ICALL
  C:1794H         PUBLIC        ?C?ICALL2
  -------         ENDMOD        ?C?ICALL

  -------         MODULE        PRINTF
  X:02D9H         PUBLIC        ?_PRINTF517?BYTE
  X:02D9H         PUBLIC        ?_PRINTF?BYTE
  X:02D9H         PUBLIC        ?_SPRINTF517?BYTE
  X:02D9H         PUBLIC        ?_SPRINTF?BYTE
  C:07A9H         PUBLIC        _PRINTF
  C:07A9H         PUBLIC        _PRINTF517
  C:07A3H         PUBLIC        _SPRINTF
  C:07A3H         PUBLIC        _SPRINTF517
  -------         ENDMOD        PRINTF

  -------         MODULE        ?C?CSTPTR
  C:1796H         PUBLIC        ?C?CSTPTR
  -------         ENDMOD        ?C?CSTPTR

  -------         MODULE        ?C?PLDIXDATA
  C:17A8H         PUBLIC        ?C?PLDIXDATA
  -------         ENDMOD        ?C?PLDIXDATA

  -------         MODULE        ?C?PSTXDATA
  C:17BFH         PUBLIC        ?C?PSTXDATA
  -------         ENDMOD        ?C?PSTXDATA

  -------         MODULE        PUTCHAR
  C:2E46H         PUBLIC        _PUTCHAR
  -------         ENDMOD        PUTCHAR

*** WARNING L16: UNCALLED SEGMENT, IGNORED FOR OVERLAY PROCESS
    SEGMENT: ?PR?_REPORTHANDLER_IN_ISR?F3XX_USB0_REPORTHANDLER

*** WARNING L16: UNCALLED SEGMENT, IGNORED FOR OVERLAY PROCESS
BL51 BANKED LINKER/LOCATER V5.11            06/11/2009  12:00:44  PAGE 61


    SEGMENT: ?PR?_REPORTHANDLER_IN_FOREGROUND?F3XX_USB0_REPORTHANDLER

*** WARNING L16: UNCALLED SEGMENT, IGNORED FOR OVERLAY PROCESS
    SEGMENT: ?PR?READ_SENSOR_MOTION_REGISTERS?SEQUENCE

*** WARNING L16: UNCALLED SEGMENT, IGNORED FOR OVERLAY PROCESS
    SEGMENT: ?PR?TIMER0INIT?TIMER

Program Size: data=113.5 xdata=895 code=13262
LINK/LOCATE RUN COMPLETE.  4 WARNING(S),  0 ERROR(S)
